[32m2026-08-05 13:01:55 +0530[0m - dagster - [34mDEBUG[0m - researchlanka_export_job - 2ac18936-72fe-4df4-9c27-79351cf4ca0b - 165836 - LOGS_CAPTURED - Capturing logs for process (pid: 165836).
[32m2026-08-05 13:01:55 +0530[0m - dagster - [34mDEBUG[0m - researchlanka_export_job - 2ac18936-72fe-4df4-9c27-79351cf4ca0b - 165836 - researchlanka_openalex_api_collection - STEP_START - Started execution of step "researchlanka_openalex_api_collection".
2026-08-05 13:01:55,922 INFO src.pipeline.kaggle_collect_openalex_sri_lanka: Starting OpenAlex collection jsonl_output=/home/asma/Projects/researchlanka-ai/backend/data/raw/openalex/openalex_sri_lanka_works.jsonl csv_output=/home/asma/Projects/researchlanka-ai/backend/data/raw/openalex/openalex_sri_lanka_works.csv resume=True filters=['authorships.institutions.country_code:LK', 'publication_year:2016-2026'] strict_lk_only=False
2026-08-05 13:02:11,311 INFO src.pipeline.kaggle_collect_openalex_sri_lanka: Resuming OpenAlex collection start_cursor=IlsnLUluZmluaXR5JywgMCwgJ2h0dHBzOi8vb3BlbmFsZXgub3JnL1c0NDE3MzU5NzI0J10i existing_records=63273
2026-08-05 13:02:34,744 INFO src.pipeline.kaggle_collect_openalex_sri_lanka: Rebuilt CSV from existing JSONL before resume: /home/asma/Projects/researchlanka-ai/backend/data/raw/openalex/openalex_sri_lanka_works.csv
2026-08-05 13:02:34,744 INFO src.collectors.openalex_collector: Starting OpenAlex page iteration start_cursor=IlsnLUluZmluaXR5JywgMCwgJ2h0dHBzOi8vb3BlbmFsZXgub3JnL1c0NDE3MzU5NzI0J10i per_page=200 strict_lk_only=False filters=['authorships.institutions.country_code:LK', 'publication_year:2016-2026']
2026-08-05 13:02:56,888 INFO src.collectors.openalex_collector: Fetched OpenAlex page page=1/377 progress=0.3% fetched=200 kept=199 skipped=1 next_cursor=yes
2026-08-05 13:02:56,889 INFO src.pipeline.kaggle_collect_openalex_sri_lanka: Saved Sri Lankan-affiliated work number=63,274 progress=84.0% api_total=75,333
2026-08-05 13:02:56,889 INFO src.pipeline.kaggle_collect_openalex_sri_lanka: Saved Sri Lankan-affiliated work number=63,275 progress=84.0% api_total=75,333
2026-08-05 13:02:56,889 INFO src.pipeline.kaggle_collect_openalex_sri_lanka: Saved Sri Lankan-affiliated work number=63,276 progress=84.0% api_total=75,333
2026-08-05 13:02:56,890 INFO src.pipeline.kaggle_collect_openalex_sri_lanka: Saved Sri Lankan-affiliated work number=63,277 progress=84.0% api_total=75,333
2026-08-05 13:02:56,890 INFO src.pipeline.kaggle_collect_openalex_sri_lanka: Saved Sri Lankan-affiliated work number=63,278 progress=84.0% api_total=75,333
2026-08-05 13:02:56,890 INFO src.pipeline.kaggle_collect_openalex_sri_lanka: Saved Sri Lankan-affiliated work number=63,279 progress=84.0% api_total=75,333
2026-08-05 13:02:56,890 INFO src.pipeline.kaggle_collect_openalex_sri_lanka: Saved Sri Lankan-affiliated work number=63,280 progress=84.0% api_total=75,333
2026-08-05 13:02:56,891 INFO src.pipeline.kaggle_collect_openalex_sri_lanka: Saved Sri Lankan-affiliated work number=63,281 progress=84.0% api_total=75,333
2026-08-05 13:02:56,891 INFO src.pipeline.kaggle_collect_openalex_sri_lanka: Saved Sri Lankan-affiliated work number=63,282 progress=84.0% api_total=75,333
2026-08-05 13:02:56,891 INFO src.pipeline.kaggle_collect_openalex_sri_lanka: Saved Sri Lankan-affiliated work number=63,283 progress=84.0% api_total=75,333
2026-08-05 13:02:56,892 INFO src.pipeline.kaggle_collect_openalex_sri_lanka: Saved Sri Lankan-affiliated work number=63,284 progress=84.0% api_total=75,333
2026-08-05 13:02:56,892 INFO src.pipeline.kaggle_collect_openalex_sri_lanka: Saved Sri Lankan-affiliated work number=63,285 progress=84.0% api_total=75,333
2026-08-05 13:02:56,893 INFO src.pipeline.kaggle_collect_openalex_sri_lanka: Saved Sri Lankan-affiliated work number=63,286 progress=84.0% api_total=75,333
2026-08-05 13:02:56,893 INFO src.pipeline.kaggle_collect_openalex_sri_lanka: Saved Sri Lankan-affiliated work number=63,287 progress=84.0% api_total=75,333
2026-08-05 13:02:56,894 INFO src.pipeline.kaggle_collect_openalex_sri_lanka: Saved Sri Lankan-affiliated work number=63,288 progress=84.0% api_total=75,333
2026-08-05 13:02:56,894 INFO src.pipeline.kaggle_collect_openalex_sri_lanka: Saved Sri Lankan-affiliated work number=63,289 progress=84.0% api_total=75,333
2026-08-05 13:02:56,894 INFO src.pipeline.kaggle_collect_openalex_sri_lanka: Saved Sri Lankan-affiliated work number=63,290 progress=84.0% api_total=75,333
2026-08-05 13:02:56,895 INFO src.pipeline.kaggle_collect_openalex_sri_lanka: Saved Sri Lankan-affiliated work number=63,291 progress=84.0% api_total=75,333
2026-08-05 13:02:56,895 INFO src.pipeline.kaggle_collect_openalex_sri_lanka: Saved Sri Lankan-affiliated work number=63,292 progress=84.0% api_total=75,333
2026-08-05 13:02:56,895 INFO src.pipeline.kaggle_collect_openalex_sri_lanka: Saved Sri Lankan-affiliated work number=63,293 progress=84.0% api_total=75,333
2026-08-05 13:02:56,895 INFO src.pipeline.kaggle_collect_openalex_sri_lanka: Saved Sri Lankan-affiliated work number=63,294 progress=84.0% api_total=75,333
2026-08-05 13:02:56,896 INFO src.pipeline.kaggle_collect_openalex_sri_lanka: Saved Sri Lankan-affiliated work number=63,295 progress=84.0% api_total=75,333
2026-08-05 13:02:56,896 INFO src.pipeline.kaggle_collect_openalex_sri_lanka: Saved Sri Lankan-affiliated work number=63,296 progress=84.0% api_total=75,333
2026-08-05 13:02:56,896 INFO src.pipeline.kaggle_collect_openalex_sri_lanka: Saved Sri Lankan-affiliated work number=63,297 progress=84.0% api_total=75,333
2026-08-05 13:02:56,897 INFO src.pipeline.kaggle_collect_openalex_sri_lanka: Saved Sri Lankan-affiliated work number=63,298 progress=84.0% api_total=75,333
2026-08-05 13:02:56,897 INFO src.pipeline.kaggle_collect_openalex_sri_lanka: Saved Sri Lankan-affiliated work number=63,299 progress=84.0% api_total=75,333
2026-08-05 13:02:56,898 INFO src.pipeline.kaggle_collect_openalex_sri_lanka: Saved Sri Lankan-affiliated work number=63,300 progress=84.0% api_total=75,333
2026-08-05 13:02:56,898 INFO src.pipeline.kaggle_collect_openalex_sri_lanka: Saved Sri Lankan-affiliated work number=63,301 progress=84.0% api_total=75,333
2026-08-05 13:02:56,898 INFO src.pipeline.kaggle_collect_openalex_sri_lanka: Saved Sri Lankan-affiliated work number=63,302 progress=84.0% api_total=75,333
2026-08-05 13:02:56,898 INFO src.pipeline.kaggle_collect_openalex_sri_lanka: Saved Sri Lankan-affiliated work number=63,303 progress=84.0% api_total=75,333
2026-08-05 13:02:56,899 INFO src.pipeline.kaggle_collect_openalex_sri_lanka: Saved Sri Lankan-affiliated work number=63,304 progress=84.0% api_total=75,333
2026-08-05 13:02:56,899 INFO src.pipeline.kaggle_collect_openalex_sri_lanka: Saved Sri Lankan-affiliated work number=63,305 progress=84.0% api_total=75,333
2026-08-05 13:02:56,900 INFO src.pipeline.kaggle_collect_openalex_sri_lanka: Saved Sri Lankan-affiliated work number=63,306 progress=84.0% api_total=75,333
2026-08-05 13:02:56,900 INFO src.pipeline.kaggle_collect_openalex_sri_lanka: Saved Sri Lankan-affiliated work number=63,307 progress=84.0% api_total=75,333
2026-08-05 13:02:56,900 INFO src.pipeline.kaggle_collect_openalex_sri_lanka: Saved Sri Lankan-affiliated work number=63,308 progress=84.0% api_total=75,333
2026-08-05 13:02:56,901 INFO src.pipeline.kaggle_collect_openalex_sri_lanka: Saved Sri Lankan-affiliated work number=63,309 progress=84.0% api_total=75,333
2026-08-05 13:02:56,901 INFO src.pipeline.kaggle_collect_openalex_sri_lanka: Saved Sri Lankan-affiliated work number=63,310 progress=84.0% api_total=75,333
2026-08-05 13:02:56,902 INFO src.pipeline.kaggle_collect_openalex_sri_lanka: Saved Sri Lankan-affiliated work number=63,311 progress=84.0% api_total=75,333
2026-08-05 13:02:56,902 INFO src.pipeline.kaggle_collect_openalex_sri_lanka: Saved Sri Lankan-affiliated work number=63,312 progress=84.0% api_total=75,333
2026-08-05 13:02:56,903 INFO src.pipeline.kaggle_collect_openalex_sri_lanka: Saved Sri Lankan-affiliated work number=63,313 progress=84.0% api_total=75,333
2026-08-05 13:02:56,903 INFO src.pipeline.kaggle_collect_openalex_sri_lanka: Saved Sri Lankan-affiliated work number=63,314 progress=84.0% api_total=75,333
2026-08-05 13:02:56,904 INFO src.pipeline.kaggle_collect_openalex_sri_lanka: Saved Sri Lankan-affiliated work number=63,315 progress=84.0% api_total=75,333
2026-08-05 13:02:56,904 INFO src.pipeline.kaggle_collect_openalex_sri_lanka: Saved Sri Lankan-affiliated work number=63,316 progress=84.0% api_total=75,333
2026-08-05 13:02:56,904 INFO src.pipeline.kaggle_collect_openalex_sri_lanka: Saved Sri Lankan-affiliated work number=63,317 progress=84.0% api_total=75,333
2026-08-05 13:02:56,905 INFO src.pipeline.kaggle_collect_openalex_sri_lanka: Saved Sri Lankan-affiliated work number=63,318 progress=84.1% api_total=75,333
2026-08-05 13:02:56,905 INFO src.pipeline.kaggle_collect_openalex_sri_lanka: Saved Sri Lankan-affiliated work number=63,319 progress=84.1% api_total=75,333
2026-08-05 13:02:56,905 INFO src.pipeline.kaggle_collect_openalex_sri_lanka: Saved Sri Lankan-affiliated work number=63,320 progress=84.1% api_total=75,333
2026-08-05 13:02:56,906 INFO src.pipeline.kaggle_collect_openalex_sri_lanka: Saved Sri Lankan-affiliated work number=63,321 progress=84.1% api_total=75,333
2026-08-05 13:02:56,906 INFO src.pipeline.kaggle_collect_openalex_sri_lanka: Saved Sri Lankan-affiliated work number=63,322 progress=84.1% api_total=75,333
2026-08-05 13:02:56,906 INFO src.pipeline.kaggle_collect_openalex_sri_lanka: Saved Sri Lankan-affiliated work number=63,323 progress=84.1% api_total=75,333
2026-08-05 13:02:56,907 INFO src.pipeline.kaggle_collect_openalex_sri_lanka: Saved Sri Lankan-affiliated work number=63,324 progress=84.1% api_total=75,333
2026-08-05 13:02:56,907 INFO src.pipeline.kaggle_collect_openalex_sri_lanka: Saved Sri Lankan-affiliated work number=63,325 progress=84.1% api_total=75,333
2026-08-05 13:02:56,908 INFO src.pipeline.kaggle_collect_openalex_sri_lanka: Saved Sri Lankan-affiliated work number=63,326 progress=84.1% api_total=75,333
2026-08-05 13:02:56,908 INFO src.pipeline.kaggle_collect_openalex_sri_lanka: Saved Sri Lankan-affiliated work number=63,327 progress=84.1% api_total=75,333
2026-08-05 13:02:56,908 INFO src.pipeline.kaggle_collect_openalex_sri_lanka: Saved Sri Lankan-affiliated work number=63,328 progress=84.1% api_total=75,333
2026-08-05 13:02:56,909 INFO src.pipeline.kaggle_collect_openalex_sri_lanka: Saved Sri Lankan-affiliated work number=63,329 progress=84.1% api_total=75,333
2026-08-05 13:02:56,909 INFO src.pipeline.kaggle_collect_openalex_sri_lanka: Saved Sri Lankan-affiliated work number=63,330 progress=84.1% api_total=75,333
2026-08-05 13:02:56,909 INFO src.pipeline.kaggle_collect_openalex_sri_lanka: Saved Sri Lankan-affiliated work number=63,331 progress=84.1% api_total=75,333
2026-08-05 13:02:56,910 INFO src.pipeline.kaggle_collect_openalex_sri_lanka: Saved Sri Lankan-affiliated work number=63,332 progress=84.1% api_total=75,333
2026-08-05 13:02:56,910 INFO src.pipeline.kaggle_collect_openalex_sri_lanka: Saved Sri Lankan-affiliated work number=63,333 progress=84.1% api_total=75,333
2026-08-05 13:02:56,910 INFO src.pipeline.kaggle_collect_openalex_sri_lanka: Saved Sri Lankan-affiliated work number=63,334 progress=84.1% api_total=75,333
2026-08-05 13:02:56,911 INFO src.pipeline.kaggle_collect_openalex_sri_lanka: Saved Sri Lankan-affiliated work number=63,335 progress=84.1% api_total=75,333
2026-08-05 13:02:56,911 INFO src.pipeline.kaggle_collect_openalex_sri_lanka: Saved Sri Lankan-affiliated work number=63,336 progress=84.1% api_total=75,333
2026-08-05 13:02:56,912 INFO src.pipeline.kaggle_collect_openalex_sri_lanka: Saved Sri Lankan-affiliated work number=63,337 progress=84.1% api_total=75,333
2026-08-05 13:02:56,912 INFO src.pipeline.kaggle_collect_openalex_sri_lanka: Saved Sri Lankan-affiliated work number=63,338 progress=84.1% api_total=75,333
2026-08-05 13:02:56,912 INFO src.pipeline.kaggle_collect_openalex_sri_lanka: Saved Sri Lankan-affiliated work number=63,339 progress=84.1% api_total=75,333
2026-08-05 13:02:56,913 INFO src.pipeline.kaggle_collect_openalex_sri_lanka: Saved Sri Lankan-affiliated work number=63,340 progress=84.1% api_total=75,333
2026-08-05 13:02:56,913 INFO src.pipeline.kaggle_collect_openalex_sri_lanka: Saved Sri Lankan-affiliated work number=63,341 progress=84.1% api_total=75,333
2026-08-05 13:02:56,913 INFO src.pipeline.kaggle_collect_openalex_sri_lanka: Saved Sri Lankan-affiliated work number=63,342 progress=84.1% api_total=75,333
2026-08-05 13:02:56,914 INFO src.pipeline.kaggle_collect_openalex_sri_lanka: Saved Sri Lankan-affiliated work number=63,343 progress=84.1% api_total=75,333
2026-08-05 13:02:56,914 INFO src.pipeline.kaggle_collect_openalex_sri_lanka: Saved Sri Lankan-affiliated work number=63,344 progress=84.1% api_total=75,333
2026-08-05 13:02:56,914 INFO src.pipeline.kaggle_collect_openalex_sri_lanka: Saved Sri Lankan-affiliated work number=63,345 progress=84.1% api_total=75,333
2026-08-05 13:02:56,914 INFO src.pipeline.kaggle_collect_openalex_sri_lanka: Saved Sri Lankan-affiliated work number=63,346 progress=84.1% api_total=75,333
2026-08-05 13:02:56,915 INFO src.pipeline.kaggle_collect_openalex_sri_lanka: Saved Sri Lankan-affiliated work number=63,347 progress=84.1% api_total=75,333
2026-08-05 13:02:56,915 INFO src.pipeline.kaggle_collect_openalex_sri_lanka: Saved Sri Lankan-affiliated work number=63,348 progress=84.1% api_total=75,333
2026-08-05 13:02:56,915 INFO src.pipeline.kaggle_collect_openalex_sri_lanka: Saved Sri Lankan-affiliated work number=63,349 progress=84.1% api_total=75,333
2026-08-05 13:02:56,916 INFO src.pipeline.kaggle_collect_openalex_sri_lanka: Saved Sri Lankan-affiliated work number=63,350 progress=84.1% api_total=75,333
2026-08-05 13:02:56,916 INFO src.pipeline.kaggle_collect_openalex_sri_lanka: Saved Sri Lankan-affiliated work number=63,351 progress=84.1% api_total=75,333
2026-08-05 13:02:56,916 INFO src.pipeline.kaggle_collect_openalex_sri_lanka: Saved Sri Lankan-affiliated work number=63,352 progress=84.1% api_total=75,333
2026-08-05 13:02:56,917 INFO src.pipeline.kaggle_collect_openalex_sri_lanka: Saved Sri Lankan-affiliated work number=63,353 progress=84.1% api_total=75,333
2026-08-05 13:02:56,917 INFO src.pipeline.kaggle_collect_openalex_sri_lanka: Saved Sri Lankan-affiliated work number=63,354 progress=84.1% api_total=75,333
2026-08-05 13:02:56,917 INFO src.pipeline.kaggle_collect_openalex_sri_lanka: Saved Sri Lankan-affiliated work number=63,355 progress=84.1% api_total=75,333
2026-08-05 13:02:56,918 INFO src.pipeline.kaggle_collect_openalex_sri_lanka: Saved Sri Lankan-affiliated work number=63,356 progress=84.1% api_total=75,333
2026-08-05 13:02:56,918 INFO src.pipeline.kaggle_collect_openalex_sri_lanka: Saved Sri Lankan-affiliated work number=63,357 progress=84.1% api_total=75,333
2026-08-05 13:02:56,918 INFO src.pipeline.kaggle_collect_openalex_sri_lanka: Saved Sri Lankan-affiliated work number=63,358 progress=84.1% api_total=75,333
2026-08-05 13:02:56,919 INFO src.pipeline.kaggle_collect_openalex_sri_lanka: Saved Sri Lankan-affiliated work number=63,359 progress=84.1% api_total=75,333
2026-08-05 13:02:56,919 INFO src.pipeline.kaggle_collect_openalex_sri_lanka: Saved Sri Lankan-affiliated work number=63,360 progress=84.1% api_total=75,333
2026-08-05 13:02:56,919 INFO src.pipeline.kaggle_collect_openalex_sri_lanka: Saved Sri Lankan-affiliated work number=63,361 progress=84.1% api_total=75,333
2026-08-05 13:02:56,920 INFO src.pipeline.kaggle_collect_openalex_sri_lanka: Saved Sri Lankan-affiliated work number=63,362 progress=84.1% api_total=75,333
2026-08-05 13:02:56,920 INFO src.pipeline.kaggle_collect_openalex_sri_lanka: Saved Sri Lankan-affiliated work number=63,363 progress=84.1% api_total=75,333
2026-08-05 13:02:56,921 INFO src.pipeline.kaggle_collect_openalex_sri_lanka: Saved Sri Lankan-affiliated work number=63,364 progress=84.1% api_total=75,333
2026-08-05 13:02:56,921 INFO src.pipeline.kaggle_collect_openalex_sri_lanka: Saved Sri Lankan-affiliated work number=63,365 progress=84.1% api_total=75,333
2026-08-05 13:02:56,921 INFO src.pipeline.kaggle_collect_openalex_sri_lanka: Saved Sri Lankan-affiliated work number=63,366 progress=84.1% api_total=75,333
2026-08-05 13:02:56,922 INFO src.pipeline.kaggle_collect_openalex_sri_lanka: Saved Sri Lankan-affiliated work number=63,367 progress=84.1% api_total=75,333
2026-08-05 13:02:56,922 INFO src.pipeline.kaggle_collect_openalex_sri_lanka: Saved Sri Lankan-affiliated work number=63,368 progress=84.1% api_total=75,333
2026-08-05 13:02:56,922 INFO src.pipeline.kaggle_collect_openalex_sri_lanka: Saved Sri Lankan-affiliated work number=63,369 progress=84.1% api_total=75,333
2026-08-05 13:02:56,922 INFO src.pipeline.kaggle_collect_openalex_sri_lanka: Saved Sri Lankan-affiliated work number=63,370 progress=84.1% api_total=75,333
2026-08-05 13:02:56,923 INFO src.pipeline.kaggle_collect_openalex_sri_lanka: Saved Sri Lankan-affiliated work number=63,371 progress=84.1% api_total=75,333
2026-08-05 13:02:56,923 INFO src.pipeline.kaggle_collect_openalex_sri_lanka: Saved Sri Lankan-affiliated work number=63,372 progress=84.1% api_total=75,333
2026-08-05 13:02:56,924 INFO src.pipeline.kaggle_collect_openalex_sri_lanka: Saved Sri Lankan-affiliated work number=63,373 progress=84.1% api_total=75,333
2026-08-05 13:02:56,924 INFO src.pipeline.kaggle_collect_openalex_sri_lanka: Saved Sri Lankan-affiliated work number=63,374 progress=84.1% api_total=75,333
2026-08-05 13:02:56,924 INFO src.pipeline.kaggle_collect_openalex_sri_lanka: Saved Sri Lankan-affiliated work number=63,375 progress=84.1% api_total=75,333
2026-08-05 13:02:56,924 INFO src.pipeline.kaggle_collect_openalex_sri_lanka: Saved Sri Lankan-affiliated work number=63,376 progress=84.1% api_total=75,333
2026-08-05 13:02:56,925 INFO src.pipeline.kaggle_collect_openalex_sri_lanka: Saved Sri Lankan-affiliated work number=63,377 progress=84.1% api_total=75,333
2026-08-05 13:02:56,925 INFO src.pipeline.kaggle_collect_openalex_sri_lanka: Saved Sri Lankan-affiliated work number=63,378 progress=84.1% api_total=75,333
2026-08-05 13:02:56,925 INFO src.pipeline.kaggle_collect_openalex_sri_lanka: Saved Sri Lankan-affiliated work number=63,379 progress=84.1% api_total=75,333
2026-08-05 13:02:56,926 INFO src.pipeline.kaggle_collect_openalex_sri_lanka: Saved Sri Lankan-affiliated work number=63,380 progress=84.1% api_total=75,333
2026-08-05 13:02:56,926 INFO src.pipeline.kaggle_collect_openalex_sri_lanka: Saved Sri Lankan-affiliated work number=63,381 progress=84.1% api_total=75,333
2026-08-05 13:02:56,926 INFO src.pipeline.kaggle_collect_openalex_sri_lanka: Saved Sri Lankan-affiliated work number=63,382 progress=84.1% api_total=75,333
2026-08-05 13:02:56,926 INFO src.pipeline.kaggle_collect_openalex_sri_lanka: Saved Sri Lankan-affiliated work number=63,383 progress=84.1% api_total=75,333
2026-08-05 13:02:56,927 INFO src.pipeline.kaggle_collect_openalex_sri_lanka: Saved Sri Lankan-affiliated work number=63,384 progress=84.1% api_total=75,333
2026-08-05 13:02:56,927 INFO src.pipeline.kaggle_collect_openalex_sri_lanka: Saved Sri Lankan-affiliated work number=63,385 progress=84.1% api_total=75,333
2026-08-05 13:02:56,927 INFO src.pipeline.kaggle_collect_openalex_sri_lanka: Saved Sri Lankan-affiliated work number=63,386 progress=84.1% api_total=75,333
2026-08-05 13:02:56,928 INFO src.pipeline.kaggle_collect_openalex_sri_lanka: Saved Sri Lankan-affiliated work number=63,387 progress=84.1% api_total=75,333
2026-08-05 13:02:56,928 INFO src.pipeline.kaggle_collect_openalex_sri_lanka: Saved Sri Lankan-affiliated work number=63,388 progress=84.1% api_total=75,333
2026-08-05 13:02:56,928 INFO src.pipeline.kaggle_collect_openalex_sri_lanka: Saved Sri Lankan-affiliated work number=63,389 progress=84.1% api_total=75,333
2026-08-05 13:02:56,929 INFO src.pipeline.kaggle_collect_openalex_sri_lanka: Saved Sri Lankan-affiliated work number=63,390 progress=84.1% api_total=75,333
2026-08-05 13:02:56,929 INFO src.pipeline.kaggle_collect_openalex_sri_lanka: Saved Sri Lankan-affiliated work number=63,391 progress=84.1% api_total=75,333
2026-08-05 13:02:56,929 INFO src.pipeline.kaggle_collect_openalex_sri_lanka: Saved Sri Lankan-affiliated work number=63,392 progress=84.1% api_total=75,333
2026-08-05 13:02:56,930 INFO src.pipeline.kaggle_collect_openalex_sri_lanka: Saved Sri Lankan-affiliated work number=63,393 progress=84.2% api_total=75,333
2026-08-05 13:02:56,930 INFO src.pipeline.kaggle_collect_openalex_sri_lanka: Saved Sri Lankan-affiliated work number=63,394 progress=84.2% api_total=75,333
2026-08-05 13:02:56,930 INFO src.pipeline.kaggle_collect_openalex_sri_lanka: Saved Sri Lankan-affiliated work number=63,395 progress=84.2% api_total=75,333
2026-08-05 13:02:56,931 INFO src.pipeline.kaggle_collect_openalex_sri_lanka: Saved Sri Lankan-affiliated work number=63,396 progress=84.2% api_total=75,333
2026-08-05 13:02:56,931 INFO src.pipeline.kaggle_collect_openalex_sri_lanka: Saved Sri Lankan-affiliated work number=63,397 progress=84.2% api_total=75,333
2026-08-05 13:02:56,931 INFO src.pipeline.kaggle_collect_openalex_sri_lanka: Saved Sri Lankan-affiliated work number=63,398 progress=84.2% api_total=75,333
2026-08-05 13:02:56,932 INFO src.pipeline.kaggle_collect_openalex_sri_lanka: Saved Sri Lankan-affiliated work number=63,399 progress=84.2% api_total=75,333
2026-08-05 13:02:56,932 INFO src.pipeline.kaggle_collect_openalex_sri_lanka: Saved Sri Lankan-affiliated work number=63,400 progress=84.2% api_total=75,333
2026-08-05 13:02:56,932 INFO src.pipeline.kaggle_collect_openalex_sri_lanka: Saved Sri Lankan-affiliated work number=63,401 progress=84.2% api_total=75,333
2026-08-05 13:02:56,933 INFO src.pipeline.kaggle_collect_openalex_sri_lanka: Saved Sri Lankan-affiliated work number=63,402 progress=84.2% api_total=75,333
2026-08-05 13:02:56,933 INFO src.pipeline.kaggle_collect_openalex_sri_lanka: Saved Sri Lankan-affiliated work number=63,403 progress=84.2% api_total=75,333
2026-08-05 13:02:56,933 INFO src.pipeline.kaggle_collect_openalex_sri_lanka: Saved Sri Lankan-affiliated work number=63,404 progress=84.2% api_total=75,333
2026-08-05 13:02:56,933 INFO src.pipeline.kaggle_collect_openalex_sri_lanka: Saved Sri Lankan-affiliated work number=63,405 progress=84.2% api_total=75,333
2026-08-05 13:02:56,934 INFO src.pipeline.kaggle_collect_openalex_sri_lanka: Saved Sri Lankan-affiliated work number=63,406 progress=84.2% api_total=75,333
2026-08-05 13:02:56,934 INFO src.pipeline.kaggle_collect_openalex_sri_lanka: Saved Sri Lankan-affiliated work number=63,407 progress=84.2% api_total=75,333
2026-08-05 13:02:56,934 INFO src.pipeline.kaggle_collect_openalex_sri_lanka: Saved Sri Lankan-affiliated work number=63,408 progress=84.2% api_total=75,333
2026-08-05 13:02:56,935 INFO src.pipeline.kaggle_collect_openalex_sri_lanka: Saved Sri Lankan-affiliated work number=63,409 progress=84.2% api_total=75,333
2026-08-05 13:02:56,935 INFO src.pipeline.kaggle_collect_openalex_sri_lanka: Saved Sri Lankan-affiliated work number=63,410 progress=84.2% api_total=75,333
2026-08-05 13:02:56,935 INFO src.pipeline.kaggle_collect_openalex_sri_lanka: Saved Sri Lankan-affiliated work number=63,411 progress=84.2% api_total=75,333
2026-08-05 13:02:56,936 INFO src.pipeline.kaggle_collect_openalex_sri_lanka: Saved Sri Lankan-affiliated work number=63,412 progress=84.2% api_total=75,333
2026-08-05 13:02:56,936 INFO src.pipeline.kaggle_collect_openalex_sri_lanka: Saved Sri Lankan-affiliated work number=63,413 progress=84.2% api_total=75,333
2026-08-05 13:02:56,937 INFO src.pipeline.kaggle_collect_openalex_sri_lanka: Saved Sri Lankan-affiliated work number=63,414 progress=84.2% api_total=75,333
2026-08-05 13:02:56,937 INFO src.pipeline.kaggle_collect_openalex_sri_lanka: Saved Sri Lankan-affiliated work number=63,415 progress=84.2% api_total=75,333
2026-08-05 13:02:56,937 INFO src.pipeline.kaggle_collect_openalex_sri_lanka: Saved Sri Lankan-affiliated work number=63,416 progress=84.2% api_total=75,333
2026-08-05 13:02:56,938 INFO src.pipeline.kaggle_collect_openalex_sri_lanka: Saved Sri Lankan-affiliated work number=63,417 progress=84.2% api_total=75,333
2026-08-05 13:02:56,938 INFO src.pipeline.kaggle_collect_openalex_sri_lanka: Saved Sri Lankan-affiliated work number=63,418 progress=84.2% api_total=75,333
2026-08-05 13:02:56,938 INFO src.pipeline.kaggle_collect_openalex_sri_lanka: Saved Sri Lankan-affiliated work number=63,419 progress=84.2% api_total=75,333
2026-08-05 13:02:56,939 INFO src.pipeline.kaggle_collect_openalex_sri_lanka: Saved Sri Lankan-affiliated work number=63,420 progress=84.2% api_total=75,333
2026-08-05 13:02:56,939 INFO src.pipeline.kaggle_collect_openalex_sri_lanka: Saved Sri Lankan-affiliated work number=63,421 progress=84.2% api_total=75,333
2026-08-05 13:02:56,939 INFO src.pipeline.kaggle_collect_openalex_sri_lanka: Saved Sri Lankan-affiliated work number=63,422 progress=84.2% api_total=75,333
2026-08-05 13:02:56,940 INFO src.pipeline.kaggle_collect_openalex_sri_lanka: Saved Sri Lankan-affiliated work number=63,423 progress=84.2% api_total=75,333
2026-08-05 13:02:56,940 INFO src.pipeline.kaggle_collect_openalex_sri_lanka: Saved Sri Lankan-affiliated work number=63,424 progress=84.2% api_total=75,333
2026-08-05 13:02:56,940 INFO src.pipeline.kaggle_collect_openalex_sri_lanka: Saved Sri Lankan-affiliated work number=63,425 progress=84.2% api_total=75,333
2026-08-05 13:02:56,941 INFO src.pipeline.kaggle_collect_openalex_sri_lanka: Saved Sri Lankan-affiliated work number=63,426 progress=84.2% api_total=75,333
2026-08-05 13:02:56,941 INFO src.pipeline.kaggle_collect_openalex_sri_lanka: Saved Sri Lankan-affiliated work number=63,427 progress=84.2% api_total=75,333
2026-08-05 13:02:56,941 INFO src.pipeline.kaggle_collect_openalex_sri_lanka: Saved Sri Lankan-affiliated work number=63,428 progress=84.2% api_total=75,333
2026-08-05 13:02:56,942 INFO src.pipeline.kaggle_collect_openalex_sri_lanka: Saved Sri Lankan-affiliated work number=63,429 progress=84.2% api_total=75,333
2026-08-05 13:02:56,942 INFO src.pipeline.kaggle_collect_openalex_sri_lanka: Saved Sri Lankan-affiliated work number=63,430 progress=84.2% api_total=75,333
2026-08-05 13:02:56,942 INFO src.pipeline.kaggle_collect_openalex_sri_lanka: Saved Sri Lankan-affiliated work number=63,431 progress=84.2% api_total=75,333
2026-08-05 13:02:56,943 INFO src.pipeline.kaggle_collect_openalex_sri_lanka: Saved Sri Lankan-affiliated work number=63,432 progress=84.2% api_total=75,333
2026-08-05 13:02:56,943 INFO src.pipeline.kaggle_collect_openalex_sri_lanka: Saved Sri Lankan-affiliated work number=63,433 progress=84.2% api_total=75,333
2026-08-05 13:02:56,943 INFO src.pipeline.kaggle_collect_openalex_sri_lanka: Saved Sri Lankan-affiliated work number=63,434 progress=84.2% api_total=75,333
2026-08-05 13:02:56,944 INFO src.pipeline.kaggle_collect_openalex_sri_lanka: Saved Sri Lankan-affiliated work number=63,435 progress=84.2% api_total=75,333
2026-08-05 13:02:56,944 INFO src.pipeline.kaggle_collect_openalex_sri_lanka: Saved Sri Lankan-affiliated work number=63,436 progress=84.2% api_total=75,333
2026-08-05 13:02:56,944 INFO src.pipeline.kaggle_collect_openalex_sri_lanka: Saved Sri Lankan-affiliated work number=63,437 progress=84.2% api_total=75,333
2026-08-05 13:02:56,945 INFO src.pipeline.kaggle_collect_openalex_sri_lanka: Saved Sri Lankan-affiliated work number=63,438 progress=84.2% api_total=75,333
2026-08-05 13:02:56,945 INFO src.pipeline.kaggle_collect_openalex_sri_lanka: Saved Sri Lankan-affiliated work number=63,439 progress=84.2% api_total=75,333
2026-08-05 13:02:56,945 INFO src.pipeline.kaggle_collect_openalex_sri_lanka: Saved Sri Lankan-affiliated work number=63,440 progress=84.2% api_total=75,333
2026-08-05 13:02:56,946 INFO src.pipeline.kaggle_collect_openalex_sri_lanka: Saved Sri Lankan-affiliated work number=63,441 progress=84.2% api_total=75,333
2026-08-05 13:02:56,946 INFO src.pipeline.kaggle_collect_openalex_sri_lanka: Saved Sri Lankan-affiliated work number=63,442 progress=84.2% api_total=75,333
2026-08-05 13:02:56,947 INFO src.pipeline.kaggle_collect_openalex_sri_lanka: Saved Sri Lankan-affiliated work number=63,443 progress=84.2% api_total=75,333
2026-08-05 13:02:56,947 INFO src.pipeline.kaggle_collect_openalex_sri_lanka: Saved Sri Lankan-affiliated work number=63,444 progress=84.2% api_total=75,333
2026-08-05 13:02:56,947 INFO src.pipeline.kaggle_collect_openalex_sri_lanka: Saved Sri Lankan-affiliated work number=63,445 progress=84.2% api_total=75,333
2026-08-05 13:02:56,948 INFO src.pipeline.kaggle_collect_openalex_sri_lanka: Saved Sri Lankan-affiliated work number=63,446 progress=84.2% api_total=75,333
2026-08-05 13:02:56,948 INFO src.pipeline.kaggle_collect_openalex_sri_lanka: Saved Sri Lankan-affiliated work number=63,447 progress=84.2% api_total=75,333
2026-08-05 13:02:56,948 INFO src.pipeline.kaggle_collect_openalex_sri_lanka: Saved Sri Lankan-affiliated work number=63,448 progress=84.2% api_total=75,333
2026-08-05 13:02:56,948 INFO src.pipeline.kaggle_collect_openalex_sri_lanka: Saved Sri Lankan-affiliated work number=63,449 progress=84.2% api_total=75,333
2026-08-05 13:02:56,949 INFO src.pipeline.kaggle_collect_openalex_sri_lanka: Saved Sri Lankan-affiliated work number=63,450 progress=84.2% api_total=75,333
2026-08-05 13:02:56,949 INFO src.pipeline.kaggle_collect_openalex_sri_lanka: Saved Sri Lankan-affiliated work number=63,451 progress=84.2% api_total=75,333
2026-08-05 13:02:56,949 INFO src.pipeline.kaggle_collect_openalex_sri_lanka: Saved Sri Lankan-affiliated work number=63,452 progress=84.2% api_total=75,333
2026-08-05 13:02:56,950 INFO src.pipeline.kaggle_collect_openalex_sri_lanka: Saved Sri Lankan-affiliated work number=63,453 progress=84.2% api_total=75,333
2026-08-05 13:02:56,950 INFO src.pipeline.kaggle_collect_openalex_sri_lanka: Saved Sri Lankan-affiliated work number=63,454 progress=84.2% api_total=75,333
2026-08-05 13:02:56,950 INFO src.pipeline.kaggle_collect_openalex_sri_lanka: Saved Sri Lankan-affiliated work number=63,455 progress=84.2% api_total=75,333
2026-08-05 13:02:56,950 INFO src.pipeline.kaggle_collect_openalex_sri_lanka: Saved Sri Lankan-affiliated work number=63,456 progress=84.2% api_total=75,333
2026-08-05 13:02:56,951 INFO src.pipeline.kaggle_collect_openalex_sri_lanka: Saved Sri Lankan-affiliated work number=63,457 progress=84.2% api_total=75,333
2026-08-05 13:02:56,951 INFO src.pipeline.kaggle_collect_openalex_sri_lanka: Saved Sri Lankan-affiliated work number=63,458 progress=84.2% api_total=75,333
2026-08-05 13:02:56,951 INFO src.pipeline.kaggle_collect_openalex_sri_lanka: Saved Sri Lankan-affiliated work number=63,459 progress=84.2% api_total=75,333
2026-08-05 13:02:56,951 INFO src.pipeline.kaggle_collect_openalex_sri_lanka: Saved Sri Lankan-affiliated work number=63,460 progress=84.2% api_total=75,333
2026-08-05 13:02:56,952 INFO src.pipeline.kaggle_collect_openalex_sri_lanka: Saved Sri Lankan-affiliated work number=63,461 progress=84.2% api_total=75,333
2026-08-05 13:02:56,952 INFO src.pipeline.kaggle_collect_openalex_sri_lanka: Saved Sri Lankan-affiliated work number=63,462 progress=84.2% api_total=75,333
2026-08-05 13:02:56,952 INFO src.pipeline.kaggle_collect_openalex_sri_lanka: Saved Sri Lankan-affiliated work number=63,463 progress=84.2% api_total=75,333
2026-08-05 13:02:56,953 INFO src.pipeline.kaggle_collect_openalex_sri_lanka: Saved Sri Lankan-affiliated work number=63,464 progress=84.2% api_total=75,333
2026-08-05 13:02:56,953 INFO src.pipeline.kaggle_collect_openalex_sri_lanka: Saved Sri Lankan-affiliated work number=63,465 progress=84.2% api_total=75,333
2026-08-05 13:02:56,953 INFO src.pipeline.kaggle_collect_openalex_sri_lanka: Saved Sri Lankan-affiliated work number=63,466 progress=84.2% api_total=75,333
2026-08-05 13:02:56,953 INFO src.pipeline.kaggle_collect_openalex_sri_lanka: Saved Sri Lankan-affiliated work number=63,467 progress=84.2% api_total=75,333
2026-08-05 13:02:56,954 INFO src.pipeline.kaggle_collect_openalex_sri_lanka: Saved Sri Lankan-affiliated work number=63,468 progress=84.2% api_total=75,333
2026-08-05 13:02:56,954 INFO src.pipeline.kaggle_collect_openalex_sri_lanka: Saved Sri Lankan-affiliated work number=63,469 progress=84.3% api_total=75,333
2026-08-05 13:02:56,954 INFO src.pipeline.kaggle_collect_openalex_sri_lanka: Saved Sri Lankan-affiliated work number=63,470 progress=84.3% api_total=75,333
2026-08-05 13:02:56,955 INFO src.pipeline.kaggle_collect_openalex_sri_lanka: Saved Sri Lankan-affiliated work number=63,471 progress=84.3% api_total=75,333
2026-08-05 13:02:56,955 INFO src.pipeline.kaggle_collect_openalex_sri_lanka: Saved Sri Lankan-affiliated work number=63,472 progress=84.3% api_total=75,333
2026-08-05 13:03:55,586 INFO src.collectors.openalex_collector: Fetched OpenAlex page page=2/377 progress=0.5% fetched=200 kept=200 skipped=0 next_cursor=yes
2026-08-05 13:03:55,591 INFO src.pipeline.kaggle_collect_openalex_sri_lanka: Saved Sri Lankan-affiliated work number=63,473 progress=84.3% api_total=75,333
2026-08-05 13:03:55,592 INFO src.pipeline.kaggle_collect_openalex_sri_lanka: Saved Sri Lankan-affiliated work number=63,474 progress=84.3% api_total=75,333
2026-08-05 13:03:55,592 INFO src.pipeline.kaggle_collect_openalex_sri_lanka: Saved Sri Lankan-affiliated work number=63,475 progress=84.3% api_total=75,333
2026-08-05 13:03:55,592 INFO src.pipeline.kaggle_collect_openalex_sri_lanka: Saved Sri Lankan-affiliated work number=63,476 progress=84.3% api_total=75,333
2026-08-05 13:03:55,593 INFO src.pipeline.kaggle_collect_openalex_sri_lanka: Saved Sri Lankan-affiliated work number=63,477 progress=84.3% api_total=75,333
2026-08-05 13:03:55,593 INFO src.pipeline.kaggle_collect_openalex_sri_lanka: Saved Sri Lankan-affiliated work number=63,478 progress=84.3% api_total=75,333
2026-08-05 13:03:55,593 INFO src.pipeline.kaggle_collect_openalex_sri_lanka: Saved Sri Lankan-affiliated work number=63,479 progress=84.3% api_total=75,333
2026-08-05 13:03:55,594 INFO src.pipeline.kaggle_collect_openalex_sri_lanka: Saved Sri Lankan-affiliated work number=63,480 progress=84.3% api_total=75,333
2026-08-05 13:03:55,594 INFO src.pipeline.kaggle_collect_openalex_sri_lanka: Saved Sri Lankan-affiliated work number=63,481 progress=84.3% api_total=75,333
2026-08-05 13:03:55,594 INFO src.pipeline.kaggle_collect_openalex_sri_lanka: Saved Sri Lankan-affiliated work number=63,482 progress=84.3% api_total=75,333
2026-08-05 13:03:55,594 INFO src.pipeline.kaggle_collect_openalex_sri_lanka: Saved Sri Lankan-affiliated work number=63,483 progress=84.3% api_total=75,333
2026-08-05 13:03:55,595 INFO src.pipeline.kaggle_collect_openalex_sri_lanka: Saved Sri Lankan-affiliated work number=63,484 progress=84.3% api_total=75,333
2026-08-05 13:03:55,595 INFO src.pipeline.kaggle_collect_openalex_sri_lanka: Saved Sri Lankan-affiliated work number=63,485 progress=84.3% api_total=75,333
2026-08-05 13:03:55,595 INFO src.pipeline.kaggle_collect_openalex_sri_lanka: Saved Sri Lankan-affiliated work number=63,486 progress=84.3% api_total=75,333
2026-08-05 13:03:55,596 INFO src.pipeline.kaggle_collect_openalex_sri_lanka: Saved Sri Lankan-affiliated work number=63,487 progress=84.3% api_total=75,333
2026-08-05 13:03:55,596 INFO src.pipeline.kaggle_collect_openalex_sri_lanka: Saved Sri Lankan-affiliated work number=63,488 progress=84.3% api_total=75,333
2026-08-05 13:03:55,596 INFO src.pipeline.kaggle_collect_openalex_sri_lanka: Saved Sri Lankan-affiliated work number=63,489 progress=84.3% api_total=75,333
2026-08-05 13:03:55,597 INFO src.pipeline.kaggle_collect_openalex_sri_lanka: Saved Sri Lankan-affiliated work number=63,490 progress=84.3% api_total=75,333
2026-08-05 13:03:55,597 INFO src.pipeline.kaggle_collect_openalex_sri_lanka: Saved Sri Lankan-affiliated work number=63,491 progress=84.3% api_total=75,333
2026-08-05 13:03:55,597 INFO src.pipeline.kaggle_collect_openalex_sri_lanka: Saved Sri Lankan-affiliated work number=63,492 progress=84.3% api_total=75,333
2026-08-05 13:03:55,598 INFO src.pipeline.kaggle_collect_openalex_sri_lanka: Saved Sri Lankan-affiliated work number=63,493 progress=84.3% api_total=75,333
2026-08-05 13:03:55,598 INFO src.pipeline.kaggle_collect_openalex_sri_lanka: Saved Sri Lankan-affiliated work number=63,494 progress=84.3% api_total=75,333
2026-08-05 13:03:55,599 INFO src.pipeline.kaggle_collect_openalex_sri_lanka: Saved Sri Lankan-affiliated work number=63,495 progress=84.3% api_total=75,333
2026-08-05 13:03:55,599 INFO src.pipeline.kaggle_collect_openalex_sri_lanka: Saved Sri Lankan-affiliated work number=63,496 progress=84.3% api_total=75,333
2026-08-05 13:03:55,599 INFO src.pipeline.kaggle_collect_openalex_sri_lanka: Saved Sri Lankan-affiliated work number=63,497 progress=84.3% api_total=75,333
2026-08-05 13:03:55,600 INFO src.pipeline.kaggle_collect_openalex_sri_lanka: Saved Sri Lankan-affiliated work number=63,498 progress=84.3% api_total=75,333
2026-08-05 13:03:55,600 INFO src.pipeline.kaggle_collect_openalex_sri_lanka: Saved Sri Lankan-affiliated work number=63,499 progress=84.3% api_total=75,333
2026-08-05 13:03:55,600 INFO src.pipeline.kaggle_collect_openalex_sri_lanka: Saved Sri Lankan-affiliated work number=63,500 progress=84.3% api_total=75,333
2026-08-05 13:03:55,600 INFO src.pipeline.kaggle_collect_openalex_sri_lanka: Saved Sri Lankan-affiliated work number=63,501 progress=84.3% api_total=75,333
2026-08-05 13:03:55,601 INFO src.pipeline.kaggle_collect_openalex_sri_lanka: Saved Sri Lankan-affiliated work number=63,502 progress=84.3% api_total=75,333
2026-08-05 13:03:55,601 INFO src.pipeline.kaggle_collect_openalex_sri_lanka: Saved Sri Lankan-affiliated work number=63,503 progress=84.3% api_total=75,333
2026-08-05 13:03:55,601 INFO src.pipeline.kaggle_collect_openalex_sri_lanka: Saved Sri Lankan-affiliated work number=63,504 progress=84.3% api_total=75,333
2026-08-05 13:03:55,602 INFO src.pipeline.kaggle_collect_openalex_sri_lanka: Saved Sri Lankan-affiliated work number=63,505 progress=84.3% api_total=75,333
2026-08-05 13:03:55,602 INFO src.pipeline.kaggle_collect_openalex_sri_lanka: Saved Sri Lankan-affiliated work number=63,506 progress=84.3% api_total=75,333
2026-08-05 13:03:55,602 INFO src.pipeline.kaggle_collect_openalex_sri_lanka: Saved Sri Lankan-affiliated work number=63,507 progress=84.3% api_total=75,333
2026-08-05 13:03:55,603 INFO src.pipeline.kaggle_collect_openalex_sri_lanka: Saved Sri Lankan-affiliated work number=63,508 progress=84.3% api_total=75,333
2026-08-05 13:03:55,603 INFO src.pipeline.kaggle_collect_openalex_sri_lanka: Saved Sri Lankan-affiliated work number=63,509 progress=84.3% api_total=75,333
2026-08-05 13:03:55,603 INFO src.pipeline.kaggle_collect_openalex_sri_lanka: Saved Sri Lankan-affiliated work number=63,510 progress=84.3% api_total=75,333
2026-08-05 13:03:55,604 INFO src.pipeline.kaggle_collect_openalex_sri_lanka: Saved Sri Lankan-affiliated work number=63,511 progress=84.3% api_total=75,333
2026-08-05 13:03:55,604 INFO src.pipeline.kaggle_collect_openalex_sri_lanka: Saved Sri Lankan-affiliated work number=63,512 progress=84.3% api_total=75,333
2026-08-05 13:03:55,604 INFO src.pipeline.kaggle_collect_openalex_sri_lanka: Saved Sri Lankan-affiliated work number=63,513 progress=84.3% api_total=75,333
2026-08-05 13:03:55,604 INFO src.pipeline.kaggle_collect_openalex_sri_lanka: Saved Sri Lankan-affiliated work number=63,514 progress=84.3% api_total=75,333
2026-08-05 13:03:55,605 INFO src.pipeline.kaggle_collect_openalex_sri_lanka: Saved Sri Lankan-affiliated work number=63,515 progress=84.3% api_total=75,333
2026-08-05 13:03:55,605 INFO src.pipeline.kaggle_collect_openalex_sri_lanka: Saved Sri Lankan-affiliated work number=63,516 progress=84.3% api_total=75,333
2026-08-05 13:03:55,605 INFO src.pipeline.kaggle_collect_openalex_sri_lanka: Saved Sri Lankan-affiliated work number=63,517 progress=84.3% api_total=75,333
2026-08-05 13:03:55,606 INFO src.pipeline.kaggle_collect_openalex_sri_lanka: Saved Sri Lankan-affiliated work number=63,518 progress=84.3% api_total=75,333
2026-08-05 13:03:55,606 INFO src.pipeline.kaggle_collect_openalex_sri_lanka: Saved Sri Lankan-affiliated work number=63,519 progress=84.3% api_total=75,333
2026-08-05 13:03:55,606 INFO src.pipeline.kaggle_collect_openalex_sri_lanka: Saved Sri Lankan-affiliated work number=63,520 progress=84.3% api_total=75,333
2026-08-05 13:03:55,606 INFO src.pipeline.kaggle_collect_openalex_sri_lanka: Saved Sri Lankan-affiliated work number=63,521 progress=84.3% api_total=75,333
2026-08-05 13:03:55,607 INFO src.pipeline.kaggle_collect_openalex_sri_lanka: Saved Sri Lankan-affiliated work number=63,522 progress=84.3% api_total=75,333
2026-08-05 13:03:55,607 INFO src.pipeline.kaggle_collect_openalex_sri_lanka: Saved Sri Lankan-affiliated work number=63,523 progress=84.3% api_total=75,333
2026-08-05 13:03:55,607 INFO src.pipeline.kaggle_collect_openalex_sri_lanka: Saved Sri Lankan-affiliated work number=63,524 progress=84.3% api_total=75,333
2026-08-05 13:03:55,607 INFO src.pipeline.kaggle_collect_openalex_sri_lanka: Saved Sri Lankan-affiliated work number=63,525 progress=84.3% api_total=75,333
2026-08-05 13:03:55,608 INFO src.pipeline.kaggle_collect_openalex_sri_lanka: Saved Sri Lankan-affiliated work number=63,526 progress=84.3% api_total=75,333
2026-08-05 13:03:55,608 INFO src.pipeline.kaggle_collect_openalex_sri_lanka: Saved Sri Lankan-affiliated work number=63,527 progress=84.3% api_total=75,333
2026-08-05 13:03:55,608 INFO src.pipeline.kaggle_collect_openalex_sri_lanka: Saved Sri Lankan-affiliated work number=63,528 progress=84.3% api_total=75,333
2026-08-05 13:03:55,608 INFO src.pipeline.kaggle_collect_openalex_sri_lanka: Saved Sri Lankan-affiliated work number=63,529 progress=84.3% api_total=75,333
2026-08-05 13:03:55,609 INFO src.pipeline.kaggle_collect_openalex_sri_lanka: Saved Sri Lankan-affiliated work number=63,530 progress=84.3% api_total=75,333
2026-08-05 13:03:55,609 INFO src.pipeline.kaggle_collect_openalex_sri_lanka: Saved Sri Lankan-affiliated work number=63,531 progress=84.3% api_total=75,333
2026-08-05 13:03:55,609 INFO src.pipeline.kaggle_collect_openalex_sri_lanka: Saved Sri Lankan-affiliated work number=63,532 progress=84.3% api_total=75,333
2026-08-05 13:03:55,610 INFO src.pipeline.kaggle_collect_openalex_sri_lanka: Saved Sri Lankan-affiliated work number=63,533 progress=84.3% api_total=75,333
2026-08-05 13:03:55,610 INFO src.pipeline.kaggle_collect_openalex_sri_lanka: Saved Sri Lankan-affiliated work number=63,534 progress=84.3% api_total=75,333
2026-08-05 13:03:55,610 INFO src.pipeline.kaggle_collect_openalex_sri_lanka: Saved Sri Lankan-affiliated work number=63,535 progress=84.3% api_total=75,333
2026-08-05 13:03:55,611 INFO src.pipeline.kaggle_collect_openalex_sri_lanka: Saved Sri Lankan-affiliated work number=63,536 progress=84.3% api_total=75,333
2026-08-05 13:03:55,611 INFO src.pipeline.kaggle_collect_openalex_sri_lanka: Saved Sri Lankan-affiliated work number=63,537 progress=84.3% api_total=75,333
2026-08-05 13:03:55,611 INFO src.pipeline.kaggle_collect_openalex_sri_lanka: Saved Sri Lankan-affiliated work number=63,538 progress=84.3% api_total=75,333
2026-08-05 13:03:55,611 INFO src.pipeline.kaggle_collect_openalex_sri_lanka: Saved Sri Lankan-affiliated work number=63,539 progress=84.3% api_total=75,333
2026-08-05 13:03:55,611 INFO src.pipeline.kaggle_collect_openalex_sri_lanka: Saved Sri Lankan-affiliated work number=63,540 progress=84.3% api_total=75,333
2026-08-05 13:03:55,612 INFO src.pipeline.kaggle_collect_openalex_sri_lanka: Saved Sri Lankan-affiliated work number=63,541 progress=84.3% api_total=75,333
2026-08-05 13:03:55,612 INFO src.pipeline.kaggle_collect_openalex_sri_lanka: Saved Sri Lankan-affiliated work number=63,542 progress=84.3% api_total=75,333
2026-08-05 13:03:55,612 INFO src.pipeline.kaggle_collect_openalex_sri_lanka: Saved Sri Lankan-affiliated work number=63,543 progress=84.3% api_total=75,333
2026-08-05 13:03:55,612 INFO src.pipeline.kaggle_collect_openalex_sri_lanka: Saved Sri Lankan-affiliated work number=63,544 progress=84.4% api_total=75,333
2026-08-05 13:03:55,613 INFO src.pipeline.kaggle_collect_openalex_sri_lanka: Saved Sri Lankan-affiliated work number=63,545 progress=84.4% api_total=75,333
2026-08-05 13:03:55,613 INFO src.pipeline.kaggle_collect_openalex_sri_lanka: Saved Sri Lankan-affiliated work number=63,546 progress=84.4% api_total=75,333
2026-08-05 13:03:55,613 INFO src.pipeline.kaggle_collect_openalex_sri_lanka: Saved Sri Lankan-affiliated work number=63,547 progress=84.4% api_total=75,333
2026-08-05 13:03:55,613 INFO src.pipeline.kaggle_collect_openalex_sri_lanka: Saved Sri Lankan-affiliated work number=63,548 progress=84.4% api_total=75,333
2026-08-05 13:03:55,614 INFO src.pipeline.kaggle_collect_openalex_sri_lanka: Saved Sri Lankan-affiliated work number=63,549 progress=84.4% api_total=75,333
2026-08-05 13:03:55,614 INFO src.pipeline.kaggle_collect_openalex_sri_lanka: Saved Sri Lankan-affiliated work number=63,550 progress=84.4% api_total=75,333
2026-08-05 13:03:55,614 INFO src.pipeline.kaggle_collect_openalex_sri_lanka: Saved Sri Lankan-affiliated work number=63,551 progress=84.4% api_total=75,333
2026-08-05 13:03:55,614 INFO src.pipeline.kaggle_collect_openalex_sri_lanka: Saved Sri Lankan-affiliated work number=63,552 progress=84.4% api_total=75,333
2026-08-05 13:03:55,615 INFO src.pipeline.kaggle_collect_openalex_sri_lanka: Saved Sri Lankan-affiliated work number=63,553 progress=84.4% api_total=75,333
2026-08-05 13:03:55,615 INFO src.pipeline.kaggle_collect_openalex_sri_lanka: Saved Sri Lankan-affiliated work number=63,554 progress=84.4% api_total=75,333
2026-08-05 13:03:55,615 INFO src.pipeline.kaggle_collect_openalex_sri_lanka: Saved Sri Lankan-affiliated work number=63,555 progress=84.4% api_total=75,333
2026-08-05 13:03:55,615 INFO src.pipeline.kaggle_collect_openalex_sri_lanka: Saved Sri Lankan-affiliated work number=63,556 progress=84.4% api_total=75,333
2026-08-05 13:03:55,616 INFO src.pipeline.kaggle_collect_openalex_sri_lanka: Saved Sri Lankan-affiliated work number=63,557 progress=84.4% api_total=75,333
2026-08-05 13:03:55,616 INFO src.pipeline.kaggle_collect_openalex_sri_lanka: Saved Sri Lankan-affiliated work number=63,558 progress=84.4% api_total=75,333
2026-08-05 13:03:55,617 INFO src.pipeline.kaggle_collect_openalex_sri_lanka: Saved Sri Lankan-affiliated work number=63,559 progress=84.4% api_total=75,333
2026-08-05 13:03:55,617 INFO src.pipeline.kaggle_collect_openalex_sri_lanka: Saved Sri Lankan-affiliated work number=63,560 progress=84.4% api_total=75,333
2026-08-05 13:03:55,617 INFO src.pipeline.kaggle_collect_openalex_sri_lanka: Saved Sri Lankan-affiliated work number=63,561 progress=84.4% api_total=75,333
2026-08-05 13:03:55,617 INFO src.pipeline.kaggle_collect_openalex_sri_lanka: Saved Sri Lankan-affiliated work number=63,562 progress=84.4% api_total=75,333
2026-08-05 13:03:55,618 INFO src.pipeline.kaggle_collect_openalex_sri_lanka: Saved Sri Lankan-affiliated work number=63,563 progress=84.4% api_total=75,333
2026-08-05 13:03:55,618 INFO src.pipeline.kaggle_collect_openalex_sri_lanka: Saved Sri Lankan-affiliated work number=63,564 progress=84.4% api_total=75,333
2026-08-05 13:03:55,618 INFO src.pipeline.kaggle_collect_openalex_sri_lanka: Saved Sri Lankan-affiliated work number=63,565 progress=84.4% api_total=75,333
2026-08-05 13:03:55,618 INFO src.pipeline.kaggle_collect_openalex_sri_lanka: Saved Sri Lankan-affiliated work number=63,566 progress=84.4% api_total=75,333
2026-08-05 13:03:55,619 INFO src.pipeline.kaggle_collect_openalex_sri_lanka: Saved Sri Lankan-affiliated work number=63,567 progress=84.4% api_total=75,333
2026-08-05 13:03:55,619 INFO src.pipeline.kaggle_collect_openalex_sri_lanka: Saved Sri Lankan-affiliated work number=63,568 progress=84.4% api_total=75,333
2026-08-05 13:03:55,619 INFO src.pipeline.kaggle_collect_openalex_sri_lanka: Saved Sri Lankan-affiliated work number=63,569 progress=84.4% api_total=75,333
2026-08-05 13:03:55,619 INFO src.pipeline.kaggle_collect_openalex_sri_lanka: Saved Sri Lankan-affiliated work number=63,570 progress=84.4% api_total=75,333
2026-08-05 13:03:55,620 INFO src.pipeline.kaggle_collect_openalex_sri_lanka: Saved Sri Lankan-affiliated work number=63,571 progress=84.4% api_total=75,333
2026-08-05 13:03:55,620 INFO src.pipeline.kaggle_collect_openalex_sri_lanka: Saved Sri Lankan-affiliated work number=63,572 progress=84.4% api_total=75,333
2026-08-05 13:03:55,620 INFO src.pipeline.kaggle_collect_openalex_sri_lanka: Saved Sri Lankan-affiliated work number=63,573 progress=84.4% api_total=75,333
2026-08-05 13:03:55,621 INFO src.pipeline.kaggle_collect_openalex_sri_lanka: Saved Sri Lankan-affiliated work number=63,574 progress=84.4% api_total=75,333
2026-08-05 13:03:55,621 INFO src.pipeline.kaggle_collect_openalex_sri_lanka: Saved Sri Lankan-affiliated work number=63,575 progress=84.4% api_total=75,333
2026-08-05 13:03:55,621 INFO src.pipeline.kaggle_collect_openalex_sri_lanka: Saved Sri Lankan-affiliated work number=63,576 progress=84.4% api_total=75,333
2026-08-05 13:03:55,621 INFO src.pipeline.kaggle_collect_openalex_sri_lanka: Saved Sri Lankan-affiliated work number=63,577 progress=84.4% api_total=75,333
2026-08-05 13:03:55,622 INFO src.pipeline.kaggle_collect_openalex_sri_lanka: Saved Sri Lankan-affiliated work number=63,578 progress=84.4% api_total=75,333
2026-08-05 13:03:55,622 INFO src.pipeline.kaggle_collect_openalex_sri_lanka: Saved Sri Lankan-affiliated work number=63,579 progress=84.4% api_total=75,333
2026-08-05 13:03:55,622 INFO src.pipeline.kaggle_collect_openalex_sri_lanka: Saved Sri Lankan-affiliated work number=63,580 progress=84.4% api_total=75,333
2026-08-05 13:03:55,623 INFO src.pipeline.kaggle_collect_openalex_sri_lanka: Saved Sri Lankan-affiliated work number=63,581 progress=84.4% api_total=75,333
2026-08-05 13:03:55,623 INFO src.pipeline.kaggle_collect_openalex_sri_lanka: Saved Sri Lankan-affiliated work number=63,582 progress=84.4% api_total=75,333
2026-08-05 13:03:55,623 INFO src.pipeline.kaggle_collect_openalex_sri_lanka: Saved Sri Lankan-affiliated work number=63,583 progress=84.4% api_total=75,333
2026-08-05 13:03:55,623 INFO src.pipeline.kaggle_collect_openalex_sri_lanka: Saved Sri Lankan-affiliated work number=63,584 progress=84.4% api_total=75,333
2026-08-05 13:03:55,624 INFO src.pipeline.kaggle_collect_openalex_sri_lanka: Saved Sri Lankan-affiliated work number=63,585 progress=84.4% api_total=75,333
2026-08-05 13:03:55,624 INFO src.pipeline.kaggle_collect_openalex_sri_lanka: Saved Sri Lankan-affiliated work number=63,586 progress=84.4% api_total=75,333
2026-08-05 13:03:55,624 INFO src.pipeline.kaggle_collect_openalex_sri_lanka: Saved Sri Lankan-affiliated work number=63,587 progress=84.4% api_total=75,333
2026-08-05 13:03:55,625 INFO src.pipeline.kaggle_collect_openalex_sri_lanka: Saved Sri Lankan-affiliated work number=63,588 progress=84.4% api_total=75,333
2026-08-05 13:03:55,625 INFO src.pipeline.kaggle_collect_openalex_sri_lanka: Saved Sri Lankan-affiliated work number=63,589 progress=84.4% api_total=75,333
2026-08-05 13:03:55,625 INFO src.pipeline.kaggle_collect_openalex_sri_lanka: Saved Sri Lankan-affiliated work number=63,590 progress=84.4% api_total=75,333
2026-08-05 13:03:55,625 INFO src.pipeline.kaggle_collect_openalex_sri_lanka: Saved Sri Lankan-affiliated work number=63,591 progress=84.4% api_total=75,333
2026-08-05 13:03:55,626 INFO src.pipeline.kaggle_collect_openalex_sri_lanka: Saved Sri Lankan-affiliated work number=63,592 progress=84.4% api_total=75,333
2026-08-05 13:03:55,626 INFO src.pipeline.kaggle_collect_openalex_sri_lanka: Saved Sri Lankan-affiliated work number=63,593 progress=84.4% api_total=75,333
2026-08-05 13:03:55,626 INFO src.pipeline.kaggle_collect_openalex_sri_lanka: Saved Sri Lankan-affiliated work number=63,594 progress=84.4% api_total=75,333
2026-08-05 13:03:55,626 INFO src.pipeline.kaggle_collect_openalex_sri_lanka: Saved Sri Lankan-affiliated work number=63,595 progress=84.4% api_total=75,333
2026-08-05 13:03:55,627 INFO src.pipeline.kaggle_collect_openalex_sri_lanka: Saved Sri Lankan-affiliated work number=63,596 progress=84.4% api_total=75,333
2026-08-05 13:03:55,627 INFO src.pipeline.kaggle_collect_openalex_sri_lanka: Saved Sri Lankan-affiliated work number=63,597 progress=84.4% api_total=75,333
2026-08-05 13:03:55,627 INFO src.pipeline.kaggle_collect_openalex_sri_lanka: Saved Sri Lankan-affiliated work number=63,598 progress=84.4% api_total=75,333
2026-08-05 13:03:55,627 INFO src.pipeline.kaggle_collect_openalex_sri_lanka: Saved Sri Lankan-affiliated work number=63,599 progress=84.4% api_total=75,333
2026-08-05 13:03:55,628 INFO src.pipeline.kaggle_collect_openalex_sri_lanka: Saved Sri Lankan-affiliated work number=63,600 progress=84.4% api_total=75,333
2026-08-05 13:03:55,628 INFO src.pipeline.kaggle_collect_openalex_sri_lanka: Saved Sri Lankan-affiliated work number=63,601 progress=84.4% api_total=75,333
2026-08-05 13:03:55,628 INFO src.pipeline.kaggle_collect_openalex_sri_lanka: Saved Sri Lankan-affiliated work number=63,602 progress=84.4% api_total=75,333
2026-08-05 13:03:55,629 INFO src.pipeline.kaggle_collect_openalex_sri_lanka: Saved Sri Lankan-affiliated work number=63,603 progress=84.4% api_total=75,333
2026-08-05 13:03:55,629 INFO src.pipeline.kaggle_collect_openalex_sri_lanka: Saved Sri Lankan-affiliated work number=63,604 progress=84.4% api_total=75,333
2026-08-05 13:03:55,629 INFO src.pipeline.kaggle_collect_openalex_sri_lanka: Saved Sri Lankan-affiliated work number=63,605 progress=84.4% api_total=75,333
2026-08-05 13:03:55,630 INFO src.pipeline.kaggle_collect_openalex_sri_lanka: Saved Sri Lankan-affiliated work number=63,606 progress=84.4% api_total=75,333
2026-08-05 13:03:55,630 INFO src.pipeline.kaggle_collect_openalex_sri_lanka: Saved Sri Lankan-affiliated work number=63,607 progress=84.4% api_total=75,333
2026-08-05 13:03:55,630 INFO src.pipeline.kaggle_collect_openalex_sri_lanka: Saved Sri Lankan-affiliated work number=63,608 progress=84.4% api_total=75,333
2026-08-05 13:03:55,630 INFO src.pipeline.kaggle_collect_openalex_sri_lanka: Saved Sri Lankan-affiliated work number=63,609 progress=84.4% api_total=75,333
2026-08-05 13:03:55,631 INFO src.pipeline.kaggle_collect_openalex_sri_lanka: Saved Sri Lankan-affiliated work number=63,610 progress=84.4% api_total=75,333
2026-08-05 13:03:55,631 INFO src.pipeline.kaggle_collect_openalex_sri_lanka: Saved Sri Lankan-affiliated work number=63,611 progress=84.4% api_total=75,333
2026-08-05 13:03:55,631 INFO src.pipeline.kaggle_collect_openalex_sri_lanka: Saved Sri Lankan-affiliated work number=63,612 progress=84.4% api_total=75,333
2026-08-05 13:03:55,632 INFO src.pipeline.kaggle_collect_openalex_sri_lanka: Saved Sri Lankan-affiliated work number=63,613 progress=84.4% api_total=75,333
2026-08-05 13:03:55,632 INFO src.pipeline.kaggle_collect_openalex_sri_lanka: Saved Sri Lankan-affiliated work number=63,614 progress=84.4% api_total=75,333
2026-08-05 13:03:55,633 INFO src.pipeline.kaggle_collect_openalex_sri_lanka: Saved Sri Lankan-affiliated work number=63,615 progress=84.4% api_total=75,333
2026-08-05 13:03:55,633 INFO src.pipeline.kaggle_collect_openalex_sri_lanka: Saved Sri Lankan-affiliated work number=63,616 progress=84.4% api_total=75,333
2026-08-05 13:03:55,634 INFO src.pipeline.kaggle_collect_openalex_sri_lanka: Saved Sri Lankan-affiliated work number=63,617 progress=84.4% api_total=75,333
2026-08-05 13:03:55,634 INFO src.pipeline.kaggle_collect_openalex_sri_lanka: Saved Sri Lankan-affiliated work number=63,618 progress=84.4% api_total=75,333
2026-08-05 13:03:55,634 INFO src.pipeline.kaggle_collect_openalex_sri_lanka: Saved Sri Lankan-affiliated work number=63,619 progress=84.5% api_total=75,333
2026-08-05 13:03:55,635 INFO src.pipeline.kaggle_collect_openalex_sri_lanka: Saved Sri Lankan-affiliated work number=63,620 progress=84.5% api_total=75,333
2026-08-05 13:03:55,635 INFO src.pipeline.kaggle_collect_openalex_sri_lanka: Saved Sri Lankan-affiliated work number=63,621 progress=84.5% api_total=75,333
2026-08-05 13:03:55,636 INFO src.pipeline.kaggle_collect_openalex_sri_lanka: Saved Sri Lankan-affiliated work number=63,622 progress=84.5% api_total=75,333
2026-08-05 13:03:55,636 INFO src.pipeline.kaggle_collect_openalex_sri_lanka: Saved Sri Lankan-affiliated work number=63,623 progress=84.5% api_total=75,333
2026-08-05 13:03:55,636 INFO src.pipeline.kaggle_collect_openalex_sri_lanka: Saved Sri Lankan-affiliated work number=63,624 progress=84.5% api_total=75,333
2026-08-05 13:03:55,637 INFO src.pipeline.kaggle_collect_openalex_sri_lanka: Saved Sri Lankan-affiliated work number=63,625 progress=84.5% api_total=75,333
2026-08-05 13:03:55,637 INFO src.pipeline.kaggle_collect_openalex_sri_lanka: Saved Sri Lankan-affiliated work number=63,626 progress=84.5% api_total=75,333
2026-08-05 13:03:55,638 INFO src.pipeline.kaggle_collect_openalex_sri_lanka: Saved Sri Lankan-affiliated work number=63,627 progress=84.5% api_total=75,333
2026-08-05 13:03:55,638 INFO src.pipeline.kaggle_collect_openalex_sri_lanka: Saved Sri Lankan-affiliated work number=63,628 progress=84.5% api_total=75,333
2026-08-05 13:03:55,639 INFO src.pipeline.kaggle_collect_openalex_sri_lanka: Saved Sri Lankan-affiliated work number=63,629 progress=84.5% api_total=75,333
2026-08-05 13:03:55,639 INFO src.pipeline.kaggle_collect_openalex_sri_lanka: Saved Sri Lankan-affiliated work number=63,630 progress=84.5% api_total=75,333
2026-08-05 13:03:55,639 INFO src.pipeline.kaggle_collect_openalex_sri_lanka: Saved Sri Lankan-affiliated work number=63,631 progress=84.5% api_total=75,333
2026-08-05 13:03:55,640 INFO src.pipeline.kaggle_collect_openalex_sri_lanka: Saved Sri Lankan-affiliated work number=63,632 progress=84.5% api_total=75,333
2026-08-05 13:03:55,640 INFO src.pipeline.kaggle_collect_openalex_sri_lanka: Saved Sri Lankan-affiliated work number=63,633 progress=84.5% api_total=75,333
2026-08-05 13:03:55,640 INFO src.pipeline.kaggle_collect_openalex_sri_lanka: Saved Sri Lankan-affiliated work number=63,634 progress=84.5% api_total=75,333
2026-08-05 13:03:55,641 INFO src.pipeline.kaggle_collect_openalex_sri_lanka: Saved Sri Lankan-affiliated work number=63,635 progress=84.5% api_total=75,333
2026-08-05 13:03:55,641 INFO src.pipeline.kaggle_collect_openalex_sri_lanka: Saved Sri Lankan-affiliated work number=63,636 progress=84.5% api_total=75,333
2026-08-05 13:03:55,641 INFO src.pipeline.kaggle_collect_openalex_sri_lanka: Saved Sri Lankan-affiliated work number=63,637 progress=84.5% api_total=75,333
2026-08-05 13:03:55,641 INFO src.pipeline.kaggle_collect_openalex_sri_lanka: Saved Sri Lankan-affiliated work number=63,638 progress=84.5% api_total=75,333
2026-08-05 13:03:55,642 INFO src.pipeline.kaggle_collect_openalex_sri_lanka: Saved Sri Lankan-affiliated work number=63,639 progress=84.5% api_total=75,333
2026-08-05 13:03:55,642 INFO src.pipeline.kaggle_collect_openalex_sri_lanka: Saved Sri Lankan-affiliated work number=63,640 progress=84.5% api_total=75,333
2026-08-05 13:03:55,642 INFO src.pipeline.kaggle_collect_openalex_sri_lanka: Saved Sri Lankan-affiliated work number=63,641 progress=84.5% api_total=75,333
2026-08-05 13:03:55,642 INFO src.pipeline.kaggle_collect_openalex_sri_lanka: Saved Sri Lankan-affiliated work number=63,642 progress=84.5% api_total=75,333
2026-08-05 13:03:55,643 INFO src.pipeline.kaggle_collect_openalex_sri_lanka: Saved Sri Lankan-affiliated work number=63,643 progress=84.5% api_total=75,333
2026-08-05 13:03:55,643 INFO src.pipeline.kaggle_collect_openalex_sri_lanka: Saved Sri Lankan-affiliated work number=63,644 progress=84.5% api_total=75,333
2026-08-05 13:03:55,643 INFO src.pipeline.kaggle_collect_openalex_sri_lanka: Saved Sri Lankan-affiliated work number=63,645 progress=84.5% api_total=75,333
2026-08-05 13:03:55,644 INFO src.pipeline.kaggle_collect_openalex_sri_lanka: Saved Sri Lankan-affiliated work number=63,646 progress=84.5% api_total=75,333
2026-08-05 13:03:55,644 INFO src.pipeline.kaggle_collect_openalex_sri_lanka: Saved Sri Lankan-affiliated work number=63,647 progress=84.5% api_total=75,333
2026-08-05 13:03:55,644 INFO src.pipeline.kaggle_collect_openalex_sri_lanka: Saved Sri Lankan-affiliated work number=63,648 progress=84.5% api_total=75,333
2026-08-05 13:03:55,645 INFO src.pipeline.kaggle_collect_openalex_sri_lanka: Saved Sri Lankan-affiliated work number=63,649 progress=84.5% api_total=75,333
2026-08-05 13:03:55,645 INFO src.pipeline.kaggle_collect_openalex_sri_lanka: Saved Sri Lankan-affiliated work number=63,650 progress=84.5% api_total=75,333
2026-08-05 13:03:55,645 INFO src.pipeline.kaggle_collect_openalex_sri_lanka: Saved Sri Lankan-affiliated work number=63,651 progress=84.5% api_total=75,333
2026-08-05 13:03:55,645 INFO src.pipeline.kaggle_collect_openalex_sri_lanka: Saved Sri Lankan-affiliated work number=63,652 progress=84.5% api_total=75,333
2026-08-05 13:03:55,646 INFO src.pipeline.kaggle_collect_openalex_sri_lanka: Saved Sri Lankan-affiliated work number=63,653 progress=84.5% api_total=75,333
2026-08-05 13:03:55,646 INFO src.pipeline.kaggle_collect_openalex_sri_lanka: Saved Sri Lankan-affiliated work number=63,654 progress=84.5% api_total=75,333
2026-08-05 13:03:55,646 INFO src.pipeline.kaggle_collect_openalex_sri_lanka: Saved Sri Lankan-affiliated work number=63,655 progress=84.5% api_total=75,333
2026-08-05 13:03:55,646 INFO src.pipeline.kaggle_collect_openalex_sri_lanka: Saved Sri Lankan-affiliated work number=63,656 progress=84.5% api_total=75,333
2026-08-05 13:03:55,647 INFO src.pipeline.kaggle_collect_openalex_sri_lanka: Saved Sri Lankan-affiliated work number=63,657 progress=84.5% api_total=75,333
2026-08-05 13:03:55,647 INFO src.pipeline.kaggle_collect_openalex_sri_lanka: Saved Sri Lankan-affiliated work number=63,658 progress=84.5% api_total=75,333
2026-08-05 13:03:55,647 INFO src.pipeline.kaggle_collect_openalex_sri_lanka: Saved Sri Lankan-affiliated work number=63,659 progress=84.5% api_total=75,333
2026-08-05 13:03:55,648 INFO src.pipeline.kaggle_collect_openalex_sri_lanka: Saved Sri Lankan-affiliated work number=63,660 progress=84.5% api_total=75,333
2026-08-05 13:03:55,648 INFO src.pipeline.kaggle_collect_openalex_sri_lanka: Saved Sri Lankan-affiliated work number=63,661 progress=84.5% api_total=75,333
2026-08-05 13:03:55,648 INFO src.pipeline.kaggle_collect_openalex_sri_lanka: Saved Sri Lankan-affiliated work number=63,662 progress=84.5% api_total=75,333
2026-08-05 13:03:55,648 INFO src.pipeline.kaggle_collect_openalex_sri_lanka: Saved Sri Lankan-affiliated work number=63,663 progress=84.5% api_total=75,333
2026-08-05 13:03:55,649 INFO src.pipeline.kaggle_collect_openalex_sri_lanka: Saved Sri Lankan-affiliated work number=63,664 progress=84.5% api_total=75,333
2026-08-05 13:03:55,649 INFO src.pipeline.kaggle_collect_openalex_sri_lanka: Saved Sri Lankan-affiliated work number=63,665 progress=84.5% api_total=75,333
2026-08-05 13:03:55,649 INFO src.pipeline.kaggle_collect_openalex_sri_lanka: Saved Sri Lankan-affiliated work number=63,666 progress=84.5% api_total=75,333
2026-08-05 13:03:55,650 INFO src.pipeline.kaggle_collect_openalex_sri_lanka: Saved Sri Lankan-affiliated work number=63,667 progress=84.5% api_total=75,333
2026-08-05 13:03:55,650 INFO src.pipeline.kaggle_collect_openalex_sri_lanka: Saved Sri Lankan-affiliated work number=63,668 progress=84.5% api_total=75,333
2026-08-05 13:03:55,650 INFO src.pipeline.kaggle_collect_openalex_sri_lanka: Saved Sri Lankan-affiliated work number=63,669 progress=84.5% api_total=75,333
2026-08-05 13:03:55,651 INFO src.pipeline.kaggle_collect_openalex_sri_lanka: Saved Sri Lankan-affiliated work number=63,670 progress=84.5% api_total=75,333
2026-08-05 13:03:55,651 INFO src.pipeline.kaggle_collect_openalex_sri_lanka: Saved Sri Lankan-affiliated work number=63,671 progress=84.5% api_total=75,333
2026-08-05 13:03:55,651 INFO src.pipeline.kaggle_collect_openalex_sri_lanka: Saved Sri Lankan-affiliated work number=63,672 progress=84.5% api_total=75,333
2026-08-05 13:04:21,325 INFO src.collectors.openalex_collector: Fetched OpenAlex page page=3/377 progress=0.8% fetched=200 kept=200 skipped=0 next_cursor=yes
2026-08-05 13:04:21,329 INFO src.pipeline.kaggle_collect_openalex_sri_lanka: Saved Sri Lankan-affiliated work number=63,673 progress=84.5% api_total=75,333
2026-08-05 13:04:21,329 INFO src.pipeline.kaggle_collect_openalex_sri_lanka: Saved Sri Lankan-affiliated work number=63,674 progress=84.5% api_total=75,333
2026-08-05 13:04:21,330 INFO src.pipeline.kaggle_collect_openalex_sri_lanka: Saved Sri Lankan-affiliated work number=63,675 progress=84.5% api_total=75,333
2026-08-05 13:04:21,330 INFO src.pipeline.kaggle_collect_openalex_sri_lanka: Saved Sri Lankan-affiliated work number=63,676 progress=84.5% api_total=75,333
2026-08-05 13:04:21,331 INFO src.pipeline.kaggle_collect_openalex_sri_lanka: Saved Sri Lankan-affiliated work number=63,677 progress=84.5% api_total=75,333
2026-08-05 13:04:21,331 INFO src.pipeline.kaggle_collect_openalex_sri_lanka: Saved Sri Lankan-affiliated work number=63,678 progress=84.5% api_total=75,333
2026-08-05 13:04:21,332 INFO src.pipeline.kaggle_collect_openalex_sri_lanka: Saved Sri Lankan-affiliated work number=63,679 progress=84.5% api_total=75,333
2026-08-05 13:04:21,332 INFO src.pipeline.kaggle_collect_openalex_sri_lanka: Saved Sri Lankan-affiliated work number=63,680 progress=84.5% api_total=75,333
2026-08-05 13:04:21,333 INFO src.pipeline.kaggle_collect_openalex_sri_lanka: Saved Sri Lankan-affiliated work number=63,681 progress=84.5% api_total=75,333
2026-08-05 13:04:21,333 INFO src.pipeline.kaggle_collect_openalex_sri_lanka: Saved Sri Lankan-affiliated work number=63,682 progress=84.5% api_total=75,333
2026-08-05 13:04:21,333 INFO src.pipeline.kaggle_collect_openalex_sri_lanka: Saved Sri Lankan-affiliated work number=63,683 progress=84.5% api_total=75,333
2026-08-05 13:04:21,334 INFO src.pipeline.kaggle_collect_openalex_sri_lanka: Saved Sri Lankan-affiliated work number=63,684 progress=84.5% api_total=75,333
2026-08-05 13:04:21,334 INFO src.pipeline.kaggle_collect_openalex_sri_lanka: Saved Sri Lankan-affiliated work number=63,685 progress=84.5% api_total=75,333
2026-08-05 13:04:21,334 INFO src.pipeline.kaggle_collect_openalex_sri_lanka: Saved Sri Lankan-affiliated work number=63,686 progress=84.5% api_total=75,333
2026-08-05 13:04:21,335 INFO src.pipeline.kaggle_collect_openalex_sri_lanka: Saved Sri Lankan-affiliated work number=63,687 progress=84.5% api_total=75,333
2026-08-05 13:04:21,335 INFO src.pipeline.kaggle_collect_openalex_sri_lanka: Saved Sri Lankan-affiliated work number=63,688 progress=84.5% api_total=75,333
2026-08-05 13:04:21,336 INFO src.pipeline.kaggle_collect_openalex_sri_lanka: Saved Sri Lankan-affiliated work number=63,689 progress=84.5% api_total=75,333
2026-08-05 13:04:21,336 INFO src.pipeline.kaggle_collect_openalex_sri_lanka: Saved Sri Lankan-affiliated work number=63,690 progress=84.5% api_total=75,333
2026-08-05 13:04:21,336 INFO src.pipeline.kaggle_collect_openalex_sri_lanka: Saved Sri Lankan-affiliated work number=63,691 progress=84.5% api_total=75,333
2026-08-05 13:04:21,337 INFO src.pipeline.kaggle_collect_openalex_sri_lanka: Saved Sri Lankan-affiliated work number=63,692 progress=84.5% api_total=75,333
2026-08-05 13:04:21,337 INFO src.pipeline.kaggle_collect_openalex_sri_lanka: Saved Sri Lankan-affiliated work number=63,693 progress=84.5% api_total=75,333
2026-08-05 13:04:21,338 INFO src.pipeline.kaggle_collect_openalex_sri_lanka: Saved Sri Lankan-affiliated work number=63,694 progress=84.5% api_total=75,333
2026-08-05 13:04:21,338 INFO src.pipeline.kaggle_collect_openalex_sri_lanka: Saved Sri Lankan-affiliated work number=63,695 progress=84.6% api_total=75,333
2026-08-05 13:04:21,339 INFO src.pipeline.kaggle_collect_openalex_sri_lanka: Saved Sri Lankan-affiliated work number=63,696 progress=84.6% api_total=75,333
2026-08-05 13:04:21,339 INFO src.pipeline.kaggle_collect_openalex_sri_lanka: Saved Sri Lankan-affiliated work number=63,697 progress=84.6% api_total=75,333
2026-08-05 13:04:21,339 INFO src.pipeline.kaggle_collect_openalex_sri_lanka: Saved Sri Lankan-affiliated work number=63,698 progress=84.6% api_total=75,333
2026-08-05 13:04:21,340 INFO src.pipeline.kaggle_collect_openalex_sri_lanka: Saved Sri Lankan-affiliated work number=63,699 progress=84.6% api_total=75,333
2026-08-05 13:04:21,340 INFO src.pipeline.kaggle_collect_openalex_sri_lanka: Saved Sri Lankan-affiliated work number=63,700 progress=84.6% api_total=75,333
2026-08-05 13:04:21,341 INFO src.pipeline.kaggle_collect_openalex_sri_lanka: Saved Sri Lankan-affiliated work number=63,701 progress=84.6% api_total=75,333
2026-08-05 13:04:21,341 INFO src.pipeline.kaggle_collect_openalex_sri_lanka: Saved Sri Lankan-affiliated work number=63,702 progress=84.6% api_total=75,333
2026-08-05 13:04:21,342 INFO src.pipeline.kaggle_collect_openalex_sri_lanka: Saved Sri Lankan-affiliated work number=63,703 progress=84.6% api_total=75,333
2026-08-05 13:04:21,342 INFO src.pipeline.kaggle_collect_openalex_sri_lanka: Saved Sri Lankan-affiliated work number=63,704 progress=84.6% api_total=75,333
2026-08-05 13:04:21,342 INFO src.pipeline.kaggle_collect_openalex_sri_lanka: Saved Sri Lankan-affiliated work number=63,705 progress=84.6% api_total=75,333
2026-08-05 13:04:21,343 INFO src.pipeline.kaggle_collect_openalex_sri_lanka: Saved Sri Lankan-affiliated work number=63,706 progress=84.6% api_total=75,333
2026-08-05 13:04:21,343 INFO src.pipeline.kaggle_collect_openalex_sri_lanka: Saved Sri Lankan-affiliated work number=63,707 progress=84.6% api_total=75,333
2026-08-05 13:04:21,344 INFO src.pipeline.kaggle_collect_openalex_sri_lanka: Saved Sri Lankan-affiliated work number=63,708 progress=84.6% api_total=75,333
2026-08-05 13:04:21,344 INFO src.pipeline.kaggle_collect_openalex_sri_lanka: Saved Sri Lankan-affiliated work number=63,709 progress=84.6% api_total=75,333
2026-08-05 13:04:21,345 INFO src.pipeline.kaggle_collect_openalex_sri_lanka: Saved Sri Lankan-affiliated work number=63,710 progress=84.6% api_total=75,333
2026-08-05 13:04:21,345 INFO src.pipeline.kaggle_collect_openalex_sri_lanka: Saved Sri Lankan-affiliated work number=63,711 progress=84.6% api_total=75,333
2026-08-05 13:04:21,346 INFO src.pipeline.kaggle_collect_openalex_sri_lanka: Saved Sri Lankan-affiliated work number=63,712 progress=84.6% api_total=75,333
2026-08-05 13:04:21,346 INFO src.pipeline.kaggle_collect_openalex_sri_lanka: Saved Sri Lankan-affiliated work number=63,713 progress=84.6% api_total=75,333
2026-08-05 13:04:21,346 INFO src.pipeline.kaggle_collect_openalex_sri_lanka: Saved Sri Lankan-affiliated work number=63,714 progress=84.6% api_total=75,333
2026-08-05 13:04:21,346 INFO src.pipeline.kaggle_collect_openalex_sri_lanka: Saved Sri Lankan-affiliated work number=63,715 progress=84.6% api_total=75,333
2026-08-05 13:04:21,347 INFO src.pipeline.kaggle_collect_openalex_sri_lanka: Saved Sri Lankan-affiliated work number=63,716 progress=84.6% api_total=75,333
2026-08-05 13:04:21,347 INFO src.pipeline.kaggle_collect_openalex_sri_lanka: Saved Sri Lankan-affiliated work number=63,717 progress=84.6% api_total=75,333
2026-08-05 13:04:21,347 INFO src.pipeline.kaggle_collect_openalex_sri_lanka: Saved Sri Lankan-affiliated work number=63,718 progress=84.6% api_total=75,333
2026-08-05 13:04:21,348 INFO src.pipeline.kaggle_collect_openalex_sri_lanka: Saved Sri Lankan-affiliated work number=63,719 progress=84.6% api_total=75,333
2026-08-05 13:04:21,348 INFO src.pipeline.kaggle_collect_openalex_sri_lanka: Saved Sri Lankan-affiliated work number=63,720 progress=84.6% api_total=75,333
2026-08-05 13:04:21,348 INFO src.pipeline.kaggle_collect_openalex_sri_lanka: Saved Sri Lankan-affiliated work number=63,721 progress=84.6% api_total=75,333
2026-08-05 13:04:21,348 INFO src.pipeline.kaggle_collect_openalex_sri_lanka: Saved Sri Lankan-affiliated work number=63,722 progress=84.6% api_total=75,333
2026-08-05 13:04:21,349 INFO src.pipeline.kaggle_collect_openalex_sri_lanka: Saved Sri Lankan-affiliated work number=63,723 progress=84.6% api_total=75,333
2026-08-05 13:04:21,349 INFO src.pipeline.kaggle_collect_openalex_sri_lanka: Saved Sri Lankan-affiliated work number=63,724 progress=84.6% api_total=75,333
2026-08-05 13:04:21,349 INFO src.pipeline.kaggle_collect_openalex_sri_lanka: Saved Sri Lankan-affiliated work number=63,725 progress=84.6% api_total=75,333
2026-08-05 13:04:21,349 INFO src.pipeline.kaggle_collect_openalex_sri_lanka: Saved Sri Lankan-affiliated work number=63,726 progress=84.6% api_total=75,333
2026-08-05 13:04:21,350 INFO src.pipeline.kaggle_collect_openalex_sri_lanka: Saved Sri Lankan-affiliated work number=63,727 progress=84.6% api_total=75,333
2026-08-05 13:04:21,351 INFO src.pipeline.kaggle_collect_openalex_sri_lanka: Saved Sri Lankan-affiliated work number=63,728 progress=84.6% api_total=75,333
2026-08-05 13:04:21,351 INFO src.pipeline.kaggle_collect_openalex_sri_lanka: Saved Sri Lankan-affiliated work number=63,729 progress=84.6% api_total=75,333
2026-08-05 13:04:21,352 INFO src.pipeline.kaggle_collect_openalex_sri_lanka: Saved Sri Lankan-affiliated work number=63,730 progress=84.6% api_total=75,333
2026-08-05 13:04:21,352 INFO src.pipeline.kaggle_collect_openalex_sri_lanka: Saved Sri Lankan-affiliated work number=63,731 progress=84.6% api_total=75,333
2026-08-05 13:04:21,354 INFO src.pipeline.kaggle_collect_openalex_sri_lanka: Saved Sri Lankan-affiliated work number=63,732 progress=84.6% api_total=75,333
2026-08-05 13:04:21,354 INFO src.pipeline.kaggle_collect_openalex_sri_lanka: Saved Sri Lankan-affiliated work number=63,733 progress=84.6% api_total=75,333
2026-08-05 13:04:21,355 INFO src.pipeline.kaggle_collect_openalex_sri_lanka: Saved Sri Lankan-affiliated work number=63,734 progress=84.6% api_total=75,333
2026-08-05 13:04:21,355 INFO src.pipeline.kaggle_collect_openalex_sri_lanka: Saved Sri Lankan-affiliated work number=63,735 progress=84.6% api_total=75,333
2026-08-05 13:04:21,356 INFO src.pipeline.kaggle_collect_openalex_sri_lanka: Saved Sri Lankan-affiliated work number=63,736 progress=84.6% api_total=75,333
2026-08-05 13:04:21,356 INFO src.pipeline.kaggle_collect_openalex_sri_lanka: Saved Sri Lankan-affiliated work number=63,737 progress=84.6% api_total=75,333
2026-08-05 13:04:21,357 INFO src.pipeline.kaggle_collect_openalex_sri_lanka: Saved Sri Lankan-affiliated work number=63,738 progress=84.6% api_total=75,333
2026-08-05 13:04:21,358 INFO src.pipeline.kaggle_collect_openalex_sri_lanka: Saved Sri Lankan-affiliated work number=63,739 progress=84.6% api_total=75,333
2026-08-05 13:04:21,358 INFO src.pipeline.kaggle_collect_openalex_sri_lanka: Saved Sri Lankan-affiliated work number=63,740 progress=84.6% api_total=75,333
2026-08-05 13:04:21,359 INFO src.pipeline.kaggle_collect_openalex_sri_lanka: Saved Sri Lankan-affiliated work number=63,741 progress=84.6% api_total=75,333
2026-08-05 13:04:21,360 INFO src.pipeline.kaggle_collect_openalex_sri_lanka: Saved Sri Lankan-affiliated work number=63,742 progress=84.6% api_total=75,333
2026-08-05 13:04:21,360 INFO src.pipeline.kaggle_collect_openalex_sri_lanka: Saved Sri Lankan-affiliated work number=63,743 progress=84.6% api_total=75,333
2026-08-05 13:04:21,361 INFO src.pipeline.kaggle_collect_openalex_sri_lanka: Saved Sri Lankan-affiliated work number=63,744 progress=84.6% api_total=75,333
2026-08-05 13:04:21,361 INFO src.pipeline.kaggle_collect_openalex_sri_lanka: Saved Sri Lankan-affiliated work number=63,745 progress=84.6% api_total=75,333
2026-08-05 13:04:21,362 INFO src.pipeline.kaggle_collect_openalex_sri_lanka: Saved Sri Lankan-affiliated work number=63,746 progress=84.6% api_total=75,333
2026-08-05 13:04:21,362 INFO src.pipeline.kaggle_collect_openalex_sri_lanka: Saved Sri Lankan-affiliated work number=63,747 progress=84.6% api_total=75,333
2026-08-05 13:04:21,363 INFO src.pipeline.kaggle_collect_openalex_sri_lanka: Saved Sri Lankan-affiliated work number=63,748 progress=84.6% api_total=75,333
2026-08-05 13:04:21,363 INFO src.pipeline.kaggle_collect_openalex_sri_lanka: Saved Sri Lankan-affiliated work number=63,749 progress=84.6% api_total=75,333
2026-08-05 13:04:21,364 INFO src.pipeline.kaggle_collect_openalex_sri_lanka: Saved Sri Lankan-affiliated work number=63,750 progress=84.6% api_total=75,333
2026-08-05 13:04:21,364 INFO src.pipeline.kaggle_collect_openalex_sri_lanka: Saved Sri Lankan-affiliated work number=63,751 progress=84.6% api_total=75,333
2026-08-05 13:04:21,365 INFO src.pipeline.kaggle_collect_openalex_sri_lanka: Saved Sri Lankan-affiliated work number=63,752 progress=84.6% api_total=75,333
2026-08-05 13:04:21,365 INFO src.pipeline.kaggle_collect_openalex_sri_lanka: Saved Sri Lankan-affiliated work number=63,753 progress=84.6% api_total=75,333
2026-08-05 13:04:21,366 INFO src.pipeline.kaggle_collect_openalex_sri_lanka: Saved Sri Lankan-affiliated work number=63,754 progress=84.6% api_total=75,333
2026-08-05 13:04:21,366 INFO src.pipeline.kaggle_collect_openalex_sri_lanka: Saved Sri Lankan-affiliated work number=63,755 progress=84.6% api_total=75,333
2026-08-05 13:04:21,366 INFO src.pipeline.kaggle_collect_openalex_sri_lanka: Saved Sri Lankan-affiliated work number=63,756 progress=84.6% api_total=75,333
2026-08-05 13:04:21,366 INFO src.pipeline.kaggle_collect_openalex_sri_lanka: Saved Sri Lankan-affiliated work number=63,757 progress=84.6% api_total=75,333
2026-08-05 13:04:21,367 INFO src.pipeline.kaggle_collect_openalex_sri_lanka: Saved Sri Lankan-affiliated work number=63,758 progress=84.6% api_total=75,333
2026-08-05 13:04:21,367 INFO src.pipeline.kaggle_collect_openalex_sri_lanka: Saved Sri Lankan-affiliated work number=63,759 progress=84.6% api_total=75,333
2026-08-05 13:04:21,367 INFO src.pipeline.kaggle_collect_openalex_sri_lanka: Saved Sri Lankan-affiliated work number=63,760 progress=84.6% api_total=75,333
2026-08-05 13:04:21,367 INFO src.pipeline.kaggle_collect_openalex_sri_lanka: Saved Sri Lankan-affiliated work number=63,761 progress=84.6% api_total=75,333
2026-08-05 13:04:21,368 INFO src.pipeline.kaggle_collect_openalex_sri_lanka: Saved Sri Lankan-affiliated work number=63,762 progress=84.6% api_total=75,333
2026-08-05 13:04:21,368 INFO src.pipeline.kaggle_collect_openalex_sri_lanka: Saved Sri Lankan-affiliated work number=63,763 progress=84.6% api_total=75,333
2026-08-05 13:04:21,368 INFO src.pipeline.kaggle_collect_openalex_sri_lanka: Saved Sri Lankan-affiliated work number=63,764 progress=84.6% api_total=75,333
2026-08-05 13:04:21,369 INFO src.pipeline.kaggle_collect_openalex_sri_lanka: Saved Sri Lankan-affiliated work number=63,765 progress=84.6% api_total=75,333
2026-08-05 13:04:21,369 INFO src.pipeline.kaggle_collect_openalex_sri_lanka: Saved Sri Lankan-affiliated work number=63,766 progress=84.6% api_total=75,333
2026-08-05 13:04:21,369 INFO src.pipeline.kaggle_collect_openalex_sri_lanka: Saved Sri Lankan-affiliated work number=63,767 progress=84.6% api_total=75,333
2026-08-05 13:04:21,370 INFO src.pipeline.kaggle_collect_openalex_sri_lanka: Saved Sri Lankan-affiliated work number=63,768 progress=84.6% api_total=75,333
2026-08-05 13:04:21,370 INFO src.pipeline.kaggle_collect_openalex_sri_lanka: Saved Sri Lankan-affiliated work number=63,769 progress=84.6% api_total=75,333
2026-08-05 13:04:21,371 INFO src.pipeline.kaggle_collect_openalex_sri_lanka: Saved Sri Lankan-affiliated work number=63,770 progress=84.7% api_total=75,333
2026-08-05 13:04:21,371 INFO src.pipeline.kaggle_collect_openalex_sri_lanka: Saved Sri Lankan-affiliated work number=63,771 progress=84.7% api_total=75,333
2026-08-05 13:04:21,371 INFO src.pipeline.kaggle_collect_openalex_sri_lanka: Saved Sri Lankan-affiliated work number=63,772 progress=84.7% api_total=75,333
2026-08-05 13:04:21,371 INFO src.pipeline.kaggle_collect_openalex_sri_lanka: Saved Sri Lankan-affiliated work number=63,773 progress=84.7% api_total=75,333
2026-08-05 13:04:21,372 INFO src.pipeline.kaggle_collect_openalex_sri_lanka: Saved Sri Lankan-affiliated work number=63,774 progress=84.7% api_total=75,333
2026-08-05 13:04:21,372 INFO src.pipeline.kaggle_collect_openalex_sri_lanka: Saved Sri Lankan-affiliated work number=63,775 progress=84.7% api_total=75,333
2026-08-05 13:04:21,373 INFO src.pipeline.kaggle_collect_openalex_sri_lanka: Saved Sri Lankan-affiliated work number=63,776 progress=84.7% api_total=75,333
2026-08-05 13:04:21,373 INFO src.pipeline.kaggle_collect_openalex_sri_lanka: Saved Sri Lankan-affiliated work number=63,777 progress=84.7% api_total=75,333
2026-08-05 13:04:21,374 INFO src.pipeline.kaggle_collect_openalex_sri_lanka: Saved Sri Lankan-affiliated work number=63,778 progress=84.7% api_total=75,333
2026-08-05 13:04:21,374 INFO src.pipeline.kaggle_collect_openalex_sri_lanka: Saved Sri Lankan-affiliated work number=63,779 progress=84.7% api_total=75,333
2026-08-05 13:04:21,374 INFO src.pipeline.kaggle_collect_openalex_sri_lanka: Saved Sri Lankan-affiliated work number=63,780 progress=84.7% api_total=75,333
2026-08-05 13:04:21,375 INFO src.pipeline.kaggle_collect_openalex_sri_lanka: Saved Sri Lankan-affiliated work number=63,781 progress=84.7% api_total=75,333
2026-08-05 13:04:21,375 INFO src.pipeline.kaggle_collect_openalex_sri_lanka: Saved Sri Lankan-affiliated work number=63,782 progress=84.7% api_total=75,333
2026-08-05 13:04:21,376 INFO src.pipeline.kaggle_collect_openalex_sri_lanka: Saved Sri Lankan-affiliated work number=63,783 progress=84.7% api_total=75,333
2026-08-05 13:04:21,376 INFO src.pipeline.kaggle_collect_openalex_sri_lanka: Saved Sri Lankan-affiliated work number=63,784 progress=84.7% api_total=75,333
2026-08-05 13:04:21,376 INFO src.pipeline.kaggle_collect_openalex_sri_lanka: Saved Sri Lankan-affiliated work number=63,785 progress=84.7% api_total=75,333
2026-08-05 13:04:21,377 INFO src.pipeline.kaggle_collect_openalex_sri_lanka: Saved Sri Lankan-affiliated work number=63,786 progress=84.7% api_total=75,333
2026-08-05 13:04:21,377 INFO src.pipeline.kaggle_collect_openalex_sri_lanka: Saved Sri Lankan-affiliated work number=63,787 progress=84.7% api_total=75,333
2026-08-05 13:04:21,377 INFO src.pipeline.kaggle_collect_openalex_sri_lanka: Saved Sri Lankan-affiliated work number=63,788 progress=84.7% api_total=75,333
2026-08-05 13:04:21,378 INFO src.pipeline.kaggle_collect_openalex_sri_lanka: Saved Sri Lankan-affiliated work number=63,789 progress=84.7% api_total=75,333
2026-08-05 13:04:21,378 INFO src.pipeline.kaggle_collect_openalex_sri_lanka: Saved Sri Lankan-affiliated work number=63,790 progress=84.7% api_total=75,333
2026-08-05 13:04:21,379 INFO src.pipeline.kaggle_collect_openalex_sri_lanka: Saved Sri Lankan-affiliated work number=63,791 progress=84.7% api_total=75,333
2026-08-05 13:04:21,379 INFO src.pipeline.kaggle_collect_openalex_sri_lanka: Saved Sri Lankan-affiliated work number=63,792 progress=84.7% api_total=75,333
2026-08-05 13:04:21,379 INFO src.pipeline.kaggle_collect_openalex_sri_lanka: Saved Sri Lankan-affiliated work number=63,793 progress=84.7% api_total=75,333
2026-08-05 13:04:21,379 INFO src.pipeline.kaggle_collect_openalex_sri_lanka: Saved Sri Lankan-affiliated work number=63,794 progress=84.7% api_total=75,333
2026-08-05 13:04:21,380 INFO src.pipeline.kaggle_collect_openalex_sri_lanka: Saved Sri Lankan-affiliated work number=63,795 progress=84.7% api_total=75,333
2026-08-05 13:04:21,380 INFO src.pipeline.kaggle_collect_openalex_sri_lanka: Saved Sri Lankan-affiliated work number=63,796 progress=84.7% api_total=75,333
2026-08-05 13:04:21,380 INFO src.pipeline.kaggle_collect_openalex_sri_lanka: Saved Sri Lankan-affiliated work number=63,797 progress=84.7% api_total=75,333
2026-08-05 13:04:21,381 INFO src.pipeline.kaggle_collect_openalex_sri_lanka: Saved Sri Lankan-affiliated work number=63,798 progress=84.7% api_total=75,333
2026-08-05 13:04:21,381 INFO src.pipeline.kaggle_collect_openalex_sri_lanka: Saved Sri Lankan-affiliated work number=63,799 progress=84.7% api_total=75,333
2026-08-05 13:04:21,381 INFO src.pipeline.kaggle_collect_openalex_sri_lanka: Saved Sri Lankan-affiliated work number=63,800 progress=84.7% api_total=75,333
2026-08-05 13:04:21,381 INFO src.pipeline.kaggle_collect_openalex_sri_lanka: Saved Sri Lankan-affiliated work number=63,801 progress=84.7% api_total=75,333
2026-08-05 13:04:21,382 INFO src.pipeline.kaggle_collect_openalex_sri_lanka: Saved Sri Lankan-affiliated work number=63,802 progress=84.7% api_total=75,333
2026-08-05 13:04:21,382 INFO src.pipeline.kaggle_collect_openalex_sri_lanka: Saved Sri Lankan-affiliated work number=63,803 progress=84.7% api_total=75,333
2026-08-05 13:04:21,382 INFO src.pipeline.kaggle_collect_openalex_sri_lanka: Saved Sri Lankan-affiliated work number=63,804 progress=84.7% api_total=75,333
2026-08-05 13:04:21,383 INFO src.pipeline.kaggle_collect_openalex_sri_lanka: Saved Sri Lankan-affiliated work number=63,805 progress=84.7% api_total=75,333
2026-08-05 13:04:21,383 INFO src.pipeline.kaggle_collect_openalex_sri_lanka: Saved Sri Lankan-affiliated work number=63,806 progress=84.7% api_total=75,333
2026-08-05 13:04:21,383 INFO src.pipeline.kaggle_collect_openalex_sri_lanka: Saved Sri Lankan-affiliated work number=63,807 progress=84.7% api_total=75,333
2026-08-05 13:04:21,383 INFO src.pipeline.kaggle_collect_openalex_sri_lanka: Saved Sri Lankan-affiliated work number=63,808 progress=84.7% api_total=75,333
2026-08-05 13:04:21,384 INFO src.pipeline.kaggle_collect_openalex_sri_lanka: Saved Sri Lankan-affiliated work number=63,809 progress=84.7% api_total=75,333
2026-08-05 13:04:21,384 INFO src.pipeline.kaggle_collect_openalex_sri_lanka: Saved Sri Lankan-affiliated work number=63,810 progress=84.7% api_total=75,333
2026-08-05 13:04:21,384 INFO src.pipeline.kaggle_collect_openalex_sri_lanka: Saved Sri Lankan-affiliated work number=63,811 progress=84.7% api_total=75,333
2026-08-05 13:04:21,385 INFO src.pipeline.kaggle_collect_openalex_sri_lanka: Saved Sri Lankan-affiliated work number=63,812 progress=84.7% api_total=75,333
2026-08-05 13:04:21,385 INFO src.pipeline.kaggle_collect_openalex_sri_lanka: Saved Sri Lankan-affiliated work number=63,813 progress=84.7% api_total=75,333
2026-08-05 13:04:21,385 INFO src.pipeline.kaggle_collect_openalex_sri_lanka: Saved Sri Lankan-affiliated work number=63,814 progress=84.7% api_total=75,333
2026-08-05 13:04:21,386 INFO src.pipeline.kaggle_collect_openalex_sri_lanka: Saved Sri Lankan-affiliated work number=63,815 progress=84.7% api_total=75,333
2026-08-05 13:04:21,386 INFO src.pipeline.kaggle_collect_openalex_sri_lanka: Saved Sri Lankan-affiliated work number=63,816 progress=84.7% api_total=75,333
2026-08-05 13:04:21,387 INFO src.pipeline.kaggle_collect_openalex_sri_lanka: Saved Sri Lankan-affiliated work number=63,817 progress=84.7% api_total=75,333
2026-08-05 13:04:21,387 INFO src.pipeline.kaggle_collect_openalex_sri_lanka: Saved Sri Lankan-affiliated work number=63,818 progress=84.7% api_total=75,333
2026-08-05 13:04:21,387 INFO src.pipeline.kaggle_collect_openalex_sri_lanka: Saved Sri Lankan-affiliated work number=63,819 progress=84.7% api_total=75,333
2026-08-05 13:04:21,388 INFO src.pipeline.kaggle_collect_openalex_sri_lanka: Saved Sri Lankan-affiliated work number=63,820 progress=84.7% api_total=75,333
2026-08-05 13:04:21,388 INFO src.pipeline.kaggle_collect_openalex_sri_lanka: Saved Sri Lankan-affiliated work number=63,821 progress=84.7% api_total=75,333
2026-08-05 13:04:21,389 INFO src.pipeline.kaggle_collect_openalex_sri_lanka: Saved Sri Lankan-affiliated work number=63,822 progress=84.7% api_total=75,333
2026-08-05 13:04:21,389 INFO src.pipeline.kaggle_collect_openalex_sri_lanka: Saved Sri Lankan-affiliated work number=63,823 progress=84.7% api_total=75,333
2026-08-05 13:04:21,389 INFO src.pipeline.kaggle_collect_openalex_sri_lanka: Saved Sri Lankan-affiliated work number=63,824 progress=84.7% api_total=75,333
2026-08-05 13:04:21,390 INFO src.pipeline.kaggle_collect_openalex_sri_lanka: Saved Sri Lankan-affiliated work number=63,825 progress=84.7% api_total=75,333
2026-08-05 13:04:21,390 INFO src.pipeline.kaggle_collect_openalex_sri_lanka: Saved Sri Lankan-affiliated work number=63,826 progress=84.7% api_total=75,333
2026-08-05 13:04:21,391 INFO src.pipeline.kaggle_collect_openalex_sri_lanka: Saved Sri Lankan-affiliated work number=63,827 progress=84.7% api_total=75,333
2026-08-05 13:04:21,391 INFO src.pipeline.kaggle_collect_openalex_sri_lanka: Saved Sri Lankan-affiliated work number=63,828 progress=84.7% api_total=75,333
2026-08-05 13:04:21,391 INFO src.pipeline.kaggle_collect_openalex_sri_lanka: Saved Sri Lankan-affiliated work number=63,829 progress=84.7% api_total=75,333
2026-08-05 13:04:21,392 INFO src.pipeline.kaggle_collect_openalex_sri_lanka: Saved Sri Lankan-affiliated work number=63,830 progress=84.7% api_total=75,333
2026-08-05 13:04:21,392 INFO src.pipeline.kaggle_collect_openalex_sri_lanka: Saved Sri Lankan-affiliated work number=63,831 progress=84.7% api_total=75,333
2026-08-05 13:04:21,393 INFO src.pipeline.kaggle_collect_openalex_sri_lanka: Saved Sri Lankan-affiliated work number=63,832 progress=84.7% api_total=75,333
2026-08-05 13:04:21,393 INFO src.pipeline.kaggle_collect_openalex_sri_lanka: Saved Sri Lankan-affiliated work number=63,833 progress=84.7% api_total=75,333
2026-08-05 13:04:21,393 INFO src.pipeline.kaggle_collect_openalex_sri_lanka: Saved Sri Lankan-affiliated work number=63,834 progress=84.7% api_total=75,333
2026-08-05 13:04:21,394 INFO src.pipeline.kaggle_collect_openalex_sri_lanka: Saved Sri Lankan-affiliated work number=63,835 progress=84.7% api_total=75,333
2026-08-05 13:04:21,394 INFO src.pipeline.kaggle_collect_openalex_sri_lanka: Saved Sri Lankan-affiliated work number=63,836 progress=84.7% api_total=75,333
2026-08-05 13:04:21,395 INFO src.pipeline.kaggle_collect_openalex_sri_lanka: Saved Sri Lankan-affiliated work number=63,837 progress=84.7% api_total=75,333
2026-08-05 13:04:21,395 INFO src.pipeline.kaggle_collect_openalex_sri_lanka: Saved Sri Lankan-affiliated work number=63,838 progress=84.7% api_total=75,333
2026-08-05 13:04:21,395 INFO src.pipeline.kaggle_collect_openalex_sri_lanka: Saved Sri Lankan-affiliated work number=63,839 progress=84.7% api_total=75,333
2026-08-05 13:04:21,396 INFO src.pipeline.kaggle_collect_openalex_sri_lanka: Saved Sri Lankan-affiliated work number=63,840 progress=84.7% api_total=75,333
2026-08-05 13:04:21,396 INFO src.pipeline.kaggle_collect_openalex_sri_lanka: Saved Sri Lankan-affiliated work number=63,841 progress=84.7% api_total=75,333
2026-08-05 13:04:21,396 INFO src.pipeline.kaggle_collect_openalex_sri_lanka: Saved Sri Lankan-affiliated work number=63,842 progress=84.7% api_total=75,333
2026-08-05 13:04:21,396 INFO src.pipeline.kaggle_collect_openalex_sri_lanka: Saved Sri Lankan-affiliated work number=63,843 progress=84.7% api_total=75,333
2026-08-05 13:04:21,397 INFO src.pipeline.kaggle_collect_openalex_sri_lanka: Saved Sri Lankan-affiliated work number=63,844 progress=84.7% api_total=75,333
2026-08-05 13:04:21,397 INFO src.pipeline.kaggle_collect_openalex_sri_lanka: Saved Sri Lankan-affiliated work number=63,845 progress=84.8% api_total=75,333
2026-08-05 13:04:21,398 INFO src.pipeline.kaggle_collect_openalex_sri_lanka: Saved Sri Lankan-affiliated work number=63,846 progress=84.8% api_total=75,333
2026-08-05 13:04:21,398 INFO src.pipeline.kaggle_collect_openalex_sri_lanka: Saved Sri Lankan-affiliated work number=63,847 progress=84.8% api_total=75,333
2026-08-05 13:04:21,398 INFO src.pipeline.kaggle_collect_openalex_sri_lanka: Saved Sri Lankan-affiliated work number=63,848 progress=84.8% api_total=75,333
2026-08-05 13:04:21,399 INFO src.pipeline.kaggle_collect_openalex_sri_lanka: Saved Sri Lankan-affiliated work number=63,849 progress=84.8% api_total=75,333
2026-08-05 13:04:21,399 INFO src.pipeline.kaggle_collect_openalex_sri_lanka: Saved Sri Lankan-affiliated work number=63,850 progress=84.8% api_total=75,333
2026-08-05 13:04:21,399 INFO src.pipeline.kaggle_collect_openalex_sri_lanka: Saved Sri Lankan-affiliated work number=63,851 progress=84.8% api_total=75,333
2026-08-05 13:04:21,400 INFO src.pipeline.kaggle_collect_openalex_sri_lanka: Saved Sri Lankan-affiliated work number=63,852 progress=84.8% api_total=75,333
2026-08-05 13:04:21,400 INFO src.pipeline.kaggle_collect_openalex_sri_lanka: Saved Sri Lankan-affiliated work number=63,853 progress=84.8% api_total=75,333
2026-08-05 13:04:21,400 INFO src.pipeline.kaggle_collect_openalex_sri_lanka: Saved Sri Lankan-affiliated work number=63,854 progress=84.8% api_total=75,333
2026-08-05 13:04:21,401 INFO src.pipeline.kaggle_collect_openalex_sri_lanka: Saved Sri Lankan-affiliated work number=63,855 progress=84.8% api_total=75,333
2026-08-05 13:04:21,401 INFO src.pipeline.kaggle_collect_openalex_sri_lanka: Saved Sri Lankan-affiliated work number=63,856 progress=84.8% api_total=75,333
2026-08-05 13:04:21,401 INFO src.pipeline.kaggle_collect_openalex_sri_lanka: Saved Sri Lankan-affiliated work number=63,857 progress=84.8% api_total=75,333
2026-08-05 13:04:21,402 INFO src.pipeline.kaggle_collect_openalex_sri_lanka: Saved Sri Lankan-affiliated work number=63,858 progress=84.8% api_total=75,333
2026-08-05 13:04:21,402 INFO src.pipeline.kaggle_collect_openalex_sri_lanka: Saved Sri Lankan-affiliated work number=63,859 progress=84.8% api_total=75,333
2026-08-05 13:04:21,402 INFO src.pipeline.kaggle_collect_openalex_sri_lanka: Saved Sri Lankan-affiliated work number=63,860 progress=84.8% api_total=75,333
2026-08-05 13:04:21,403 INFO src.pipeline.kaggle_collect_openalex_sri_lanka: Saved Sri Lankan-affiliated work number=63,861 progress=84.8% api_total=75,333
2026-08-05 13:04:21,404 INFO src.pipeline.kaggle_collect_openalex_sri_lanka: Saved Sri Lankan-affiliated work number=63,862 progress=84.8% api_total=75,333
2026-08-05 13:04:21,404 INFO src.pipeline.kaggle_collect_openalex_sri_lanka: Saved Sri Lankan-affiliated work number=63,863 progress=84.8% api_total=75,333
2026-08-05 13:04:21,404 INFO src.pipeline.kaggle_collect_openalex_sri_lanka: Saved Sri Lankan-affiliated work number=63,864 progress=84.8% api_total=75,333
2026-08-05 13:04:21,405 INFO src.pipeline.kaggle_collect_openalex_sri_lanka: Saved Sri Lankan-affiliated work number=63,865 progress=84.8% api_total=75,333
2026-08-05 13:04:21,405 INFO src.pipeline.kaggle_collect_openalex_sri_lanka: Saved Sri Lankan-affiliated work number=63,866 progress=84.8% api_total=75,333
2026-08-05 13:04:21,405 INFO src.pipeline.kaggle_collect_openalex_sri_lanka: Saved Sri Lankan-affiliated work number=63,867 progress=84.8% api_total=75,333
2026-08-05 13:04:21,406 INFO src.pipeline.kaggle_collect_openalex_sri_lanka: Saved Sri Lankan-affiliated work number=63,868 progress=84.8% api_total=75,333
2026-08-05 13:04:21,406 INFO src.pipeline.kaggle_collect_openalex_sri_lanka: Saved Sri Lankan-affiliated work number=63,869 progress=84.8% api_total=75,333
2026-08-05 13:04:21,406 INFO src.pipeline.kaggle_collect_openalex_sri_lanka: Saved Sri Lankan-affiliated work number=63,870 progress=84.8% api_total=75,333
2026-08-05 13:04:21,407 INFO src.pipeline.kaggle_collect_openalex_sri_lanka: Saved Sri Lankan-affiliated work number=63,871 progress=84.8% api_total=75,333
2026-08-05 13:04:21,407 INFO src.pipeline.kaggle_collect_openalex_sri_lanka: Saved Sri Lankan-affiliated work number=63,872 progress=84.8% api_total=75,333
