[32m2026-08-05 13:02:12 +0530[0m - dagster - [34mDEBUG[0m - researchlanka_export_job - 656179b2-04e7-4b9c-b0a7-2f2abcb2b82a - 167198 - LOGS_CAPTURED - Capturing logs for process (pid: 167198).
[32m2026-08-05 13:02:12 +0530[0m - dagster - [34mDEBUG[0m - researchlanka_export_job - 656179b2-04e7-4b9c-b0a7-2f2abcb2b82a - 167198 - researchlanka_openalex_api_collection - STEP_START - Started execution of step "researchlanka_openalex_api_collection".
2026-08-05 13:02:12,442 INFO src.pipeline.kaggle_collect_openalex_sri_lanka: Starting OpenAlex collection jsonl_output=/home/asma/Projects/researchlanka-ai/backend/data/raw/openalex/openalex_sri_lanka_works.jsonl csv_output=/home/asma/Projects/researchlanka-ai/backend/data/raw/openalex/openalex_sri_lanka_works.csv resume=True filters=['authorships.institutions.country_code:LK', 'publication_year:2016-2026'] strict_lk_only=False
2026-08-05 13:02:27,455 INFO src.pipeline.kaggle_collect_openalex_sri_lanka: Resuming OpenAlex collection start_cursor=IlsnLUluZmluaXR5JywgMCwgJ2h0dHBzOi8vb3BlbmFsZXgub3JnL1c0NDE3MzU5NzI0J10i existing_records=63273
2026-08-05 13:02:46,629 INFO src.pipeline.kaggle_collect_openalex_sri_lanka: Rebuilt CSV from existing JSONL before resume: /home/asma/Projects/researchlanka-ai/backend/data/raw/openalex/openalex_sri_lanka_works.csv
2026-08-05 13:02:46,630 INFO src.collectors.openalex_collector: Starting OpenAlex page iteration start_cursor=IlsnLUluZmluaXR5JywgMCwgJ2h0dHBzOi8vb3BlbmFsZXgub3JnL1c0NDE3MzU5NzI0J10i per_page=200 strict_lk_only=False filters=['authorships.institutions.country_code:LK', 'publication_year:2016-2026']
2026-08-05 13:04:07,415 INFO src.collectors.openalex_collector: Fetched OpenAlex page page=1/377 progress=0.3% fetched=200 kept=199 skipped=1 next_cursor=yes
2026-08-05 13:04:07,415 INFO src.pipeline.kaggle_collect_openalex_sri_lanka: Saved Sri Lankan-affiliated work number=63,274 progress=84.0% api_total=75,333
2026-08-05 13:04:07,416 INFO src.pipeline.kaggle_collect_openalex_sri_lanka: Saved Sri Lankan-affiliated work number=63,275 progress=84.0% api_total=75,333
2026-08-05 13:04:07,416 INFO src.pipeline.kaggle_collect_openalex_sri_lanka: Saved Sri Lankan-affiliated work number=63,276 progress=84.0% api_total=75,333
2026-08-05 13:04:07,416 INFO src.pipeline.kaggle_collect_openalex_sri_lanka: Saved Sri Lankan-affiliated work number=63,277 progress=84.0% api_total=75,333
2026-08-05 13:04:07,417 INFO src.pipeline.kaggle_collect_openalex_sri_lanka: Saved Sri Lankan-affiliated work number=63,278 progress=84.0% api_total=75,333
2026-08-05 13:04:07,417 INFO src.pipeline.kaggle_collect_openalex_sri_lanka: Saved Sri Lankan-affiliated work number=63,279 progress=84.0% api_total=75,333
2026-08-05 13:04:07,417 INFO src.pipeline.kaggle_collect_openalex_sri_lanka: Saved Sri Lankan-affiliated work number=63,280 progress=84.0% api_total=75,333
2026-08-05 13:04:07,418 INFO src.pipeline.kaggle_collect_openalex_sri_lanka: Saved Sri Lankan-affiliated work number=63,281 progress=84.0% api_total=75,333
2026-08-05 13:04:07,418 INFO src.pipeline.kaggle_collect_openalex_sri_lanka: Saved Sri Lankan-affiliated work number=63,282 progress=84.0% api_total=75,333
2026-08-05 13:04:07,419 INFO src.pipeline.kaggle_collect_openalex_sri_lanka: Saved Sri Lankan-affiliated work number=63,283 progress=84.0% api_total=75,333
2026-08-05 13:04:07,419 INFO src.pipeline.kaggle_collect_openalex_sri_lanka: Saved Sri Lankan-affiliated work number=63,284 progress=84.0% api_total=75,333
2026-08-05 13:04:07,419 INFO src.pipeline.kaggle_collect_openalex_sri_lanka: Saved Sri Lankan-affiliated work number=63,285 progress=84.0% api_total=75,333
2026-08-05 13:04:07,420 INFO src.pipeline.kaggle_collect_openalex_sri_lanka: Saved Sri Lankan-affiliated work number=63,286 progress=84.0% api_total=75,333
2026-08-05 13:04:07,420 INFO src.pipeline.kaggle_collect_openalex_sri_lanka: Saved Sri Lankan-affiliated work number=63,287 progress=84.0% api_total=75,333
2026-08-05 13:04:07,421 INFO src.pipeline.kaggle_collect_openalex_sri_lanka: Saved Sri Lankan-affiliated work number=63,288 progress=84.0% api_total=75,333
2026-08-05 13:04:07,421 INFO src.pipeline.kaggle_collect_openalex_sri_lanka: Saved Sri Lankan-affiliated work number=63,289 progress=84.0% api_total=75,333
2026-08-05 13:04:07,422 INFO src.pipeline.kaggle_collect_openalex_sri_lanka: Saved Sri Lankan-affiliated work number=63,290 progress=84.0% api_total=75,333
2026-08-05 13:04:07,422 INFO src.pipeline.kaggle_collect_openalex_sri_lanka: Saved Sri Lankan-affiliated work number=63,291 progress=84.0% api_total=75,333
2026-08-05 13:04:07,423 INFO src.pipeline.kaggle_collect_openalex_sri_lanka: Saved Sri Lankan-affiliated work number=63,292 progress=84.0% api_total=75,333
2026-08-05 13:04:07,423 INFO src.pipeline.kaggle_collect_openalex_sri_lanka: Saved Sri Lankan-affiliated work number=63,293 progress=84.0% api_total=75,333
2026-08-05 13:04:07,423 INFO src.pipeline.kaggle_collect_openalex_sri_lanka: Saved Sri Lankan-affiliated work number=63,294 progress=84.0% api_total=75,333
2026-08-05 13:04:07,424 INFO src.pipeline.kaggle_collect_openalex_sri_lanka: Saved Sri Lankan-affiliated work number=63,295 progress=84.0% api_total=75,333
2026-08-05 13:04:07,424 INFO src.pipeline.kaggle_collect_openalex_sri_lanka: Saved Sri Lankan-affiliated work number=63,296 progress=84.0% api_total=75,333
2026-08-05 13:04:07,424 INFO src.pipeline.kaggle_collect_openalex_sri_lanka: Saved Sri Lankan-affiliated work number=63,297 progress=84.0% api_total=75,333
2026-08-05 13:04:07,425 INFO src.pipeline.kaggle_collect_openalex_sri_lanka: Saved Sri Lankan-affiliated work number=63,298 progress=84.0% api_total=75,333
2026-08-05 13:04:07,425 INFO src.pipeline.kaggle_collect_openalex_sri_lanka: Saved Sri Lankan-affiliated work number=63,299 progress=84.0% api_total=75,333
2026-08-05 13:04:07,426 INFO src.pipeline.kaggle_collect_openalex_sri_lanka: Saved Sri Lankan-affiliated work number=63,300 progress=84.0% api_total=75,333
2026-08-05 13:04:07,427 INFO src.pipeline.kaggle_collect_openalex_sri_lanka: Saved Sri Lankan-affiliated work number=63,301 progress=84.0% api_total=75,333
2026-08-05 13:04:07,427 INFO src.pipeline.kaggle_collect_openalex_sri_lanka: Saved Sri Lankan-affiliated work number=63,302 progress=84.0% api_total=75,333
2026-08-05 13:04:07,428 INFO src.pipeline.kaggle_collect_openalex_sri_lanka: Saved Sri Lankan-affiliated work number=63,303 progress=84.0% api_total=75,333
2026-08-05 13:04:07,429 INFO src.pipeline.kaggle_collect_openalex_sri_lanka: Saved Sri Lankan-affiliated work number=63,304 progress=84.0% api_total=75,333
2026-08-05 13:04:07,429 INFO src.pipeline.kaggle_collect_openalex_sri_lanka: Saved Sri Lankan-affiliated work number=63,305 progress=84.0% api_total=75,333
2026-08-05 13:04:07,429 INFO src.pipeline.kaggle_collect_openalex_sri_lanka: Saved Sri Lankan-affiliated work number=63,306 progress=84.0% api_total=75,333
2026-08-05 13:04:07,430 INFO src.pipeline.kaggle_collect_openalex_sri_lanka: Saved Sri Lankan-affiliated work number=63,307 progress=84.0% api_total=75,333
2026-08-05 13:04:07,430 INFO src.pipeline.kaggle_collect_openalex_sri_lanka: Saved Sri Lankan-affiliated work number=63,308 progress=84.0% api_total=75,333
2026-08-05 13:04:07,431 INFO src.pipeline.kaggle_collect_openalex_sri_lanka: Saved Sri Lankan-affiliated work number=63,309 progress=84.0% api_total=75,333
2026-08-05 13:04:07,431 INFO src.pipeline.kaggle_collect_openalex_sri_lanka: Saved Sri Lankan-affiliated work number=63,310 progress=84.0% api_total=75,333
2026-08-05 13:04:07,432 INFO src.pipeline.kaggle_collect_openalex_sri_lanka: Saved Sri Lankan-affiliated work number=63,311 progress=84.0% api_total=75,333
2026-08-05 13:04:07,432 INFO src.pipeline.kaggle_collect_openalex_sri_lanka: Saved Sri Lankan-affiliated work number=63,312 progress=84.0% api_total=75,333
2026-08-05 13:04:07,433 INFO src.pipeline.kaggle_collect_openalex_sri_lanka: Saved Sri Lankan-affiliated work number=63,313 progress=84.0% api_total=75,333
2026-08-05 13:04:07,433 INFO src.pipeline.kaggle_collect_openalex_sri_lanka: Saved Sri Lankan-affiliated work number=63,314 progress=84.0% api_total=75,333
2026-08-05 13:04:07,434 INFO src.pipeline.kaggle_collect_openalex_sri_lanka: Saved Sri Lankan-affiliated work number=63,315 progress=84.0% api_total=75,333
2026-08-05 13:04:07,434 INFO src.pipeline.kaggle_collect_openalex_sri_lanka: Saved Sri Lankan-affiliated work number=63,316 progress=84.0% api_total=75,333
2026-08-05 13:04:07,435 INFO src.pipeline.kaggle_collect_openalex_sri_lanka: Saved Sri Lankan-affiliated work number=63,317 progress=84.0% api_total=75,333
2026-08-05 13:04:07,435 INFO src.pipeline.kaggle_collect_openalex_sri_lanka: Saved Sri Lankan-affiliated work number=63,318 progress=84.1% api_total=75,333
2026-08-05 13:04:07,435 INFO src.pipeline.kaggle_collect_openalex_sri_lanka: Saved Sri Lankan-affiliated work number=63,319 progress=84.1% api_total=75,333
2026-08-05 13:04:07,436 INFO src.pipeline.kaggle_collect_openalex_sri_lanka: Saved Sri Lankan-affiliated work number=63,320 progress=84.1% api_total=75,333
2026-08-05 13:04:07,436 INFO src.pipeline.kaggle_collect_openalex_sri_lanka: Saved Sri Lankan-affiliated work number=63,321 progress=84.1% api_total=75,333
2026-08-05 13:04:07,437 INFO src.pipeline.kaggle_collect_openalex_sri_lanka: Saved Sri Lankan-affiliated work number=63,322 progress=84.1% api_total=75,333
2026-08-05 13:04:07,437 INFO src.pipeline.kaggle_collect_openalex_sri_lanka: Saved Sri Lankan-affiliated work number=63,323 progress=84.1% api_total=75,333
2026-08-05 13:04:07,438 INFO src.pipeline.kaggle_collect_openalex_sri_lanka: Saved Sri Lankan-affiliated work number=63,324 progress=84.1% api_total=75,333
2026-08-05 13:04:07,438 INFO src.pipeline.kaggle_collect_openalex_sri_lanka: Saved Sri Lankan-affiliated work number=63,325 progress=84.1% api_total=75,333
2026-08-05 13:04:07,438 INFO src.pipeline.kaggle_collect_openalex_sri_lanka: Saved Sri Lankan-affiliated work number=63,326 progress=84.1% api_total=75,333
2026-08-05 13:04:07,439 INFO src.pipeline.kaggle_collect_openalex_sri_lanka: Saved Sri Lankan-affiliated work number=63,327 progress=84.1% api_total=75,333
2026-08-05 13:04:07,439 INFO src.pipeline.kaggle_collect_openalex_sri_lanka: Saved Sri Lankan-affiliated work number=63,328 progress=84.1% api_total=75,333
2026-08-05 13:04:07,440 INFO src.pipeline.kaggle_collect_openalex_sri_lanka: Saved Sri Lankan-affiliated work number=63,329 progress=84.1% api_total=75,333
2026-08-05 13:04:07,440 INFO src.pipeline.kaggle_collect_openalex_sri_lanka: Saved Sri Lankan-affiliated work number=63,330 progress=84.1% api_total=75,333
2026-08-05 13:04:07,440 INFO src.pipeline.kaggle_collect_openalex_sri_lanka: Saved Sri Lankan-affiliated work number=63,331 progress=84.1% api_total=75,333
2026-08-05 13:04:07,441 INFO src.pipeline.kaggle_collect_openalex_sri_lanka: Saved Sri Lankan-affiliated work number=63,332 progress=84.1% api_total=75,333
2026-08-05 13:04:07,441 INFO src.pipeline.kaggle_collect_openalex_sri_lanka: Saved Sri Lankan-affiliated work number=63,333 progress=84.1% api_total=75,333
2026-08-05 13:04:07,442 INFO src.pipeline.kaggle_collect_openalex_sri_lanka: Saved Sri Lankan-affiliated work number=63,334 progress=84.1% api_total=75,333
2026-08-05 13:04:07,442 INFO src.pipeline.kaggle_collect_openalex_sri_lanka: Saved Sri Lankan-affiliated work number=63,335 progress=84.1% api_total=75,333
2026-08-05 13:04:07,442 INFO src.pipeline.kaggle_collect_openalex_sri_lanka: Saved Sri Lankan-affiliated work number=63,336 progress=84.1% api_total=75,333
2026-08-05 13:04:07,443 INFO src.pipeline.kaggle_collect_openalex_sri_lanka: Saved Sri Lankan-affiliated work number=63,337 progress=84.1% api_total=75,333
2026-08-05 13:04:07,444 INFO src.pipeline.kaggle_collect_openalex_sri_lanka: Saved Sri Lankan-affiliated work number=63,338 progress=84.1% api_total=75,333
2026-08-05 13:04:07,444 INFO src.pipeline.kaggle_collect_openalex_sri_lanka: Saved Sri Lankan-affiliated work number=63,339 progress=84.1% api_total=75,333
2026-08-05 13:04:07,445 INFO src.pipeline.kaggle_collect_openalex_sri_lanka: Saved Sri Lankan-affiliated work number=63,340 progress=84.1% api_total=75,333
2026-08-05 13:04:07,445 INFO src.pipeline.kaggle_collect_openalex_sri_lanka: Saved Sri Lankan-affiliated work number=63,341 progress=84.1% api_total=75,333
2026-08-05 13:04:07,445 INFO src.pipeline.kaggle_collect_openalex_sri_lanka: Saved Sri Lankan-affiliated work number=63,342 progress=84.1% api_total=75,333
2026-08-05 13:04:07,446 INFO src.pipeline.kaggle_collect_openalex_sri_lanka: Saved Sri Lankan-affiliated work number=63,343 progress=84.1% api_total=75,333
2026-08-05 13:04:07,446 INFO src.pipeline.kaggle_collect_openalex_sri_lanka: Saved Sri Lankan-affiliated work number=63,344 progress=84.1% api_total=75,333
2026-08-05 13:04:07,446 INFO src.pipeline.kaggle_collect_openalex_sri_lanka: Saved Sri Lankan-affiliated work number=63,345 progress=84.1% api_total=75,333
2026-08-05 13:04:07,447 INFO src.pipeline.kaggle_collect_openalex_sri_lanka: Saved Sri Lankan-affiliated work number=63,346 progress=84.1% api_total=75,333
2026-08-05 13:04:07,447 INFO src.pipeline.kaggle_collect_openalex_sri_lanka: Saved Sri Lankan-affiliated work number=63,347 progress=84.1% api_total=75,333
2026-08-05 13:04:07,448 INFO src.pipeline.kaggle_collect_openalex_sri_lanka: Saved Sri Lankan-affiliated work number=63,348 progress=84.1% api_total=75,333
2026-08-05 13:04:07,448 INFO src.pipeline.kaggle_collect_openalex_sri_lanka: Saved Sri Lankan-affiliated work number=63,349 progress=84.1% api_total=75,333
2026-08-05 13:04:07,448 INFO src.pipeline.kaggle_collect_openalex_sri_lanka: Saved Sri Lankan-affiliated work number=63,350 progress=84.1% api_total=75,333
2026-08-05 13:04:07,448 INFO src.pipeline.kaggle_collect_openalex_sri_lanka: Saved Sri Lankan-affiliated work number=63,351 progress=84.1% api_total=75,333
2026-08-05 13:04:07,449 INFO src.pipeline.kaggle_collect_openalex_sri_lanka: Saved Sri Lankan-affiliated work number=63,352 progress=84.1% api_total=75,333
2026-08-05 13:04:07,449 INFO src.pipeline.kaggle_collect_openalex_sri_lanka: Saved Sri Lankan-affiliated work number=63,353 progress=84.1% api_total=75,333
2026-08-05 13:04:07,449 INFO src.pipeline.kaggle_collect_openalex_sri_lanka: Saved Sri Lankan-affiliated work number=63,354 progress=84.1% api_total=75,333
2026-08-05 13:04:07,450 INFO src.pipeline.kaggle_collect_openalex_sri_lanka: Saved Sri Lankan-affiliated work number=63,355 progress=84.1% api_total=75,333
2026-08-05 13:04:07,450 INFO src.pipeline.kaggle_collect_openalex_sri_lanka: Saved Sri Lankan-affiliated work number=63,356 progress=84.1% api_total=75,333
2026-08-05 13:04:07,451 INFO src.pipeline.kaggle_collect_openalex_sri_lanka: Saved Sri Lankan-affiliated work number=63,357 progress=84.1% api_total=75,333
2026-08-05 13:04:07,451 INFO src.pipeline.kaggle_collect_openalex_sri_lanka: Saved Sri Lankan-affiliated work number=63,358 progress=84.1% api_total=75,333
2026-08-05 13:04:07,451 INFO src.pipeline.kaggle_collect_openalex_sri_lanka: Saved Sri Lankan-affiliated work number=63,359 progress=84.1% api_total=75,333
2026-08-05 13:04:07,452 INFO src.pipeline.kaggle_collect_openalex_sri_lanka: Saved Sri Lankan-affiliated work number=63,360 progress=84.1% api_total=75,333
2026-08-05 13:04:07,452 INFO src.pipeline.kaggle_collect_openalex_sri_lanka: Saved Sri Lankan-affiliated work number=63,361 progress=84.1% api_total=75,333
2026-08-05 13:04:07,453 INFO src.pipeline.kaggle_collect_openalex_sri_lanka: Saved Sri Lankan-affiliated work number=63,362 progress=84.1% api_total=75,333
2026-08-05 13:04:07,453 INFO src.pipeline.kaggle_collect_openalex_sri_lanka: Saved Sri Lankan-affiliated work number=63,363 progress=84.1% api_total=75,333
2026-08-05 13:04:07,453 INFO src.pipeline.kaggle_collect_openalex_sri_lanka: Saved Sri Lankan-affiliated work number=63,364 progress=84.1% api_total=75,333
2026-08-05 13:04:07,454 INFO src.pipeline.kaggle_collect_openalex_sri_lanka: Saved Sri Lankan-affiliated work number=63,365 progress=84.1% api_total=75,333
2026-08-05 13:04:07,454 INFO src.pipeline.kaggle_collect_openalex_sri_lanka: Saved Sri Lankan-affiliated work number=63,366 progress=84.1% api_total=75,333
2026-08-05 13:04:07,454 INFO src.pipeline.kaggle_collect_openalex_sri_lanka: Saved Sri Lankan-affiliated work number=63,367 progress=84.1% api_total=75,333
2026-08-05 13:04:07,455 INFO src.pipeline.kaggle_collect_openalex_sri_lanka: Saved Sri Lankan-affiliated work number=63,368 progress=84.1% api_total=75,333
2026-08-05 13:04:07,455 INFO src.pipeline.kaggle_collect_openalex_sri_lanka: Saved Sri Lankan-affiliated work number=63,369 progress=84.1% api_total=75,333
2026-08-05 13:04:07,456 INFO src.pipeline.kaggle_collect_openalex_sri_lanka: Saved Sri Lankan-affiliated work number=63,370 progress=84.1% api_total=75,333
2026-08-05 13:04:07,456 INFO src.pipeline.kaggle_collect_openalex_sri_lanka: Saved Sri Lankan-affiliated work number=63,371 progress=84.1% api_total=75,333
2026-08-05 13:04:07,456 INFO src.pipeline.kaggle_collect_openalex_sri_lanka: Saved Sri Lankan-affiliated work number=63,372 progress=84.1% api_total=75,333
2026-08-05 13:04:07,457 INFO src.pipeline.kaggle_collect_openalex_sri_lanka: Saved Sri Lankan-affiliated work number=63,373 progress=84.1% api_total=75,333
2026-08-05 13:04:07,457 INFO src.pipeline.kaggle_collect_openalex_sri_lanka: Saved Sri Lankan-affiliated work number=63,374 progress=84.1% api_total=75,333
2026-08-05 13:04:07,457 INFO src.pipeline.kaggle_collect_openalex_sri_lanka: Saved Sri Lankan-affiliated work number=63,375 progress=84.1% api_total=75,333
2026-08-05 13:04:07,458 INFO src.pipeline.kaggle_collect_openalex_sri_lanka: Saved Sri Lankan-affiliated work number=63,376 progress=84.1% api_total=75,333
2026-08-05 13:04:07,458 INFO src.pipeline.kaggle_collect_openalex_sri_lanka: Saved Sri Lankan-affiliated work number=63,377 progress=84.1% api_total=75,333
2026-08-05 13:04:07,458 INFO src.pipeline.kaggle_collect_openalex_sri_lanka: Saved Sri Lankan-affiliated work number=63,378 progress=84.1% api_total=75,333
2026-08-05 13:04:07,459 INFO src.pipeline.kaggle_collect_openalex_sri_lanka: Saved Sri Lankan-affiliated work number=63,379 progress=84.1% api_total=75,333
2026-08-05 13:04:07,459 INFO src.pipeline.kaggle_collect_openalex_sri_lanka: Saved Sri Lankan-affiliated work number=63,380 progress=84.1% api_total=75,333
2026-08-05 13:04:07,459 INFO src.pipeline.kaggle_collect_openalex_sri_lanka: Saved Sri Lankan-affiliated work number=63,381 progress=84.1% api_total=75,333
2026-08-05 13:04:07,460 INFO src.pipeline.kaggle_collect_openalex_sri_lanka: Saved Sri Lankan-affiliated work number=63,382 progress=84.1% api_total=75,333
2026-08-05 13:04:07,460 INFO src.pipeline.kaggle_collect_openalex_sri_lanka: Saved Sri Lankan-affiliated work number=63,383 progress=84.1% api_total=75,333
2026-08-05 13:04:07,461 INFO src.pipeline.kaggle_collect_openalex_sri_lanka: Saved Sri Lankan-affiliated work number=63,384 progress=84.1% api_total=75,333
2026-08-05 13:04:07,461 INFO src.pipeline.kaggle_collect_openalex_sri_lanka: Saved Sri Lankan-affiliated work number=63,385 progress=84.1% api_total=75,333
2026-08-05 13:04:07,461 INFO src.pipeline.kaggle_collect_openalex_sri_lanka: Saved Sri Lankan-affiliated work number=63,386 progress=84.1% api_total=75,333
2026-08-05 13:04:07,462 INFO src.pipeline.kaggle_collect_openalex_sri_lanka: Saved Sri Lankan-affiliated work number=63,387 progress=84.1% api_total=75,333
2026-08-05 13:04:07,462 INFO src.pipeline.kaggle_collect_openalex_sri_lanka: Saved Sri Lankan-affiliated work number=63,388 progress=84.1% api_total=75,333
2026-08-05 13:04:07,463 INFO src.pipeline.kaggle_collect_openalex_sri_lanka: Saved Sri Lankan-affiliated work number=63,389 progress=84.1% api_total=75,333
2026-08-05 13:04:07,463 INFO src.pipeline.kaggle_collect_openalex_sri_lanka: Saved Sri Lankan-affiliated work number=63,390 progress=84.1% api_total=75,333
2026-08-05 13:04:07,463 INFO src.pipeline.kaggle_collect_openalex_sri_lanka: Saved Sri Lankan-affiliated work number=63,391 progress=84.1% api_total=75,333
2026-08-05 13:04:07,464 INFO src.pipeline.kaggle_collect_openalex_sri_lanka: Saved Sri Lankan-affiliated work number=63,392 progress=84.1% api_total=75,333
2026-08-05 13:04:07,464 INFO src.pipeline.kaggle_collect_openalex_sri_lanka: Saved Sri Lankan-affiliated work number=63,393 progress=84.2% api_total=75,333
2026-08-05 13:04:07,464 INFO src.pipeline.kaggle_collect_openalex_sri_lanka: Saved Sri Lankan-affiliated work number=63,394 progress=84.2% api_total=75,333
2026-08-05 13:04:07,465 INFO src.pipeline.kaggle_collect_openalex_sri_lanka: Saved Sri Lankan-affiliated work number=63,395 progress=84.2% api_total=75,333
2026-08-05 13:04:07,465 INFO src.pipeline.kaggle_collect_openalex_sri_lanka: Saved Sri Lankan-affiliated work number=63,396 progress=84.2% api_total=75,333
2026-08-05 13:04:07,465 INFO src.pipeline.kaggle_collect_openalex_sri_lanka: Saved Sri Lankan-affiliated work number=63,397 progress=84.2% api_total=75,333
2026-08-05 13:04:07,465 INFO src.pipeline.kaggle_collect_openalex_sri_lanka: Saved Sri Lankan-affiliated work number=63,398 progress=84.2% api_total=75,333
2026-08-05 13:04:07,466 INFO src.pipeline.kaggle_collect_openalex_sri_lanka: Saved Sri Lankan-affiliated work number=63,399 progress=84.2% api_total=75,333
2026-08-05 13:04:07,466 INFO src.pipeline.kaggle_collect_openalex_sri_lanka: Saved Sri Lankan-affiliated work number=63,400 progress=84.2% api_total=75,333
2026-08-05 13:04:07,466 INFO src.pipeline.kaggle_collect_openalex_sri_lanka: Saved Sri Lankan-affiliated work number=63,401 progress=84.2% api_total=75,333
2026-08-05 13:04:07,467 INFO src.pipeline.kaggle_collect_openalex_sri_lanka: Saved Sri Lankan-affiliated work number=63,402 progress=84.2% api_total=75,333
2026-08-05 13:04:07,467 INFO src.pipeline.kaggle_collect_openalex_sri_lanka: Saved Sri Lankan-affiliated work number=63,403 progress=84.2% api_total=75,333
2026-08-05 13:04:07,467 INFO src.pipeline.kaggle_collect_openalex_sri_lanka: Saved Sri Lankan-affiliated work number=63,404 progress=84.2% api_total=75,333
2026-08-05 13:04:07,468 INFO src.pipeline.kaggle_collect_openalex_sri_lanka: Saved Sri Lankan-affiliated work number=63,405 progress=84.2% api_total=75,333
2026-08-05 13:04:07,468 INFO src.pipeline.kaggle_collect_openalex_sri_lanka: Saved Sri Lankan-affiliated work number=63,406 progress=84.2% api_total=75,333
2026-08-05 13:04:07,468 INFO src.pipeline.kaggle_collect_openalex_sri_lanka: Saved Sri Lankan-affiliated work number=63,407 progress=84.2% api_total=75,333
2026-08-05 13:04:07,468 INFO src.pipeline.kaggle_collect_openalex_sri_lanka: Saved Sri Lankan-affiliated work number=63,408 progress=84.2% api_total=75,333
2026-08-05 13:04:07,469 INFO src.pipeline.kaggle_collect_openalex_sri_lanka: Saved Sri Lankan-affiliated work number=63,409 progress=84.2% api_total=75,333
2026-08-05 13:04:07,469 INFO src.pipeline.kaggle_collect_openalex_sri_lanka: Saved Sri Lankan-affiliated work number=63,410 progress=84.2% api_total=75,333
2026-08-05 13:04:07,469 INFO src.pipeline.kaggle_collect_openalex_sri_lanka: Saved Sri Lankan-affiliated work number=63,411 progress=84.2% api_total=75,333
2026-08-05 13:04:07,470 INFO src.pipeline.kaggle_collect_openalex_sri_lanka: Saved Sri Lankan-affiliated work number=63,412 progress=84.2% api_total=75,333
2026-08-05 13:04:07,470 INFO src.pipeline.kaggle_collect_openalex_sri_lanka: Saved Sri Lankan-affiliated work number=63,413 progress=84.2% api_total=75,333
2026-08-05 13:04:07,471 INFO src.pipeline.kaggle_collect_openalex_sri_lanka: Saved Sri Lankan-affiliated work number=63,414 progress=84.2% api_total=75,333
2026-08-05 13:04:07,471 INFO src.pipeline.kaggle_collect_openalex_sri_lanka: Saved Sri Lankan-affiliated work number=63,415 progress=84.2% api_total=75,333
2026-08-05 13:04:07,471 INFO src.pipeline.kaggle_collect_openalex_sri_lanka: Saved Sri Lankan-affiliated work number=63,416 progress=84.2% api_total=75,333
2026-08-05 13:04:07,472 INFO src.pipeline.kaggle_collect_openalex_sri_lanka: Saved Sri Lankan-affiliated work number=63,417 progress=84.2% api_total=75,333
2026-08-05 13:04:07,472 INFO src.pipeline.kaggle_collect_openalex_sri_lanka: Saved Sri Lankan-affiliated work number=63,418 progress=84.2% api_total=75,333
2026-08-05 13:04:07,472 INFO src.pipeline.kaggle_collect_openalex_sri_lanka: Saved Sri Lankan-affiliated work number=63,419 progress=84.2% api_total=75,333
2026-08-05 13:04:07,473 INFO src.pipeline.kaggle_collect_openalex_sri_lanka: Saved Sri Lankan-affiliated work number=63,420 progress=84.2% api_total=75,333
2026-08-05 13:04:07,473 INFO src.pipeline.kaggle_collect_openalex_sri_lanka: Saved Sri Lankan-affiliated work number=63,421 progress=84.2% api_total=75,333
2026-08-05 13:04:07,473 INFO src.pipeline.kaggle_collect_openalex_sri_lanka: Saved Sri Lankan-affiliated work number=63,422 progress=84.2% api_total=75,333
2026-08-05 13:04:07,474 INFO src.pipeline.kaggle_collect_openalex_sri_lanka: Saved Sri Lankan-affiliated work number=63,423 progress=84.2% api_total=75,333
2026-08-05 13:04:07,474 INFO src.pipeline.kaggle_collect_openalex_sri_lanka: Saved Sri Lankan-affiliated work number=63,424 progress=84.2% api_total=75,333
2026-08-05 13:04:07,474 INFO src.pipeline.kaggle_collect_openalex_sri_lanka: Saved Sri Lankan-affiliated work number=63,425 progress=84.2% api_total=75,333
2026-08-05 13:04:07,475 INFO src.pipeline.kaggle_collect_openalex_sri_lanka: Saved Sri Lankan-affiliated work number=63,426 progress=84.2% api_total=75,333
2026-08-05 13:04:07,475 INFO src.pipeline.kaggle_collect_openalex_sri_lanka: Saved Sri Lankan-affiliated work number=63,427 progress=84.2% api_total=75,333
2026-08-05 13:04:07,476 INFO src.pipeline.kaggle_collect_openalex_sri_lanka: Saved Sri Lankan-affiliated work number=63,428 progress=84.2% api_total=75,333
2026-08-05 13:04:07,476 INFO src.pipeline.kaggle_collect_openalex_sri_lanka: Saved Sri Lankan-affiliated work number=63,429 progress=84.2% api_total=75,333
2026-08-05 13:04:07,477 INFO src.pipeline.kaggle_collect_openalex_sri_lanka: Saved Sri Lankan-affiliated work number=63,430 progress=84.2% api_total=75,333
2026-08-05 13:04:07,477 INFO src.pipeline.kaggle_collect_openalex_sri_lanka: Saved Sri Lankan-affiliated work number=63,431 progress=84.2% api_total=75,333
2026-08-05 13:04:07,478 INFO src.pipeline.kaggle_collect_openalex_sri_lanka: Saved Sri Lankan-affiliated work number=63,432 progress=84.2% api_total=75,333
2026-08-05 13:04:07,478 INFO src.pipeline.kaggle_collect_openalex_sri_lanka: Saved Sri Lankan-affiliated work number=63,433 progress=84.2% api_total=75,333
2026-08-05 13:04:07,478 INFO src.pipeline.kaggle_collect_openalex_sri_lanka: Saved Sri Lankan-affiliated work number=63,434 progress=84.2% api_total=75,333
2026-08-05 13:04:07,479 INFO src.pipeline.kaggle_collect_openalex_sri_lanka: Saved Sri Lankan-affiliated work number=63,435 progress=84.2% api_total=75,333
2026-08-05 13:04:07,479 INFO src.pipeline.kaggle_collect_openalex_sri_lanka: Saved Sri Lankan-affiliated work number=63,436 progress=84.2% api_total=75,333
2026-08-05 13:04:07,479 INFO src.pipeline.kaggle_collect_openalex_sri_lanka: Saved Sri Lankan-affiliated work number=63,437 progress=84.2% api_total=75,333
2026-08-05 13:04:07,480 INFO src.pipeline.kaggle_collect_openalex_sri_lanka: Saved Sri Lankan-affiliated work number=63,438 progress=84.2% api_total=75,333
2026-08-05 13:04:07,480 INFO src.pipeline.kaggle_collect_openalex_sri_lanka: Saved Sri Lankan-affiliated work number=63,439 progress=84.2% api_total=75,333
2026-08-05 13:04:07,480 INFO src.pipeline.kaggle_collect_openalex_sri_lanka: Saved Sri Lankan-affiliated work number=63,440 progress=84.2% api_total=75,333
2026-08-05 13:04:07,481 INFO src.pipeline.kaggle_collect_openalex_sri_lanka: Saved Sri Lankan-affiliated work number=63,441 progress=84.2% api_total=75,333
2026-08-05 13:04:07,481 INFO src.pipeline.kaggle_collect_openalex_sri_lanka: Saved Sri Lankan-affiliated work number=63,442 progress=84.2% api_total=75,333
2026-08-05 13:04:07,481 INFO src.pipeline.kaggle_collect_openalex_sri_lanka: Saved Sri Lankan-affiliated work number=63,443 progress=84.2% api_total=75,333
2026-08-05 13:04:07,482 INFO src.pipeline.kaggle_collect_openalex_sri_lanka: Saved Sri Lankan-affiliated work number=63,444 progress=84.2% api_total=75,333
2026-08-05 13:04:07,482 INFO src.pipeline.kaggle_collect_openalex_sri_lanka: Saved Sri Lankan-affiliated work number=63,445 progress=84.2% api_total=75,333
2026-08-05 13:04:07,482 INFO src.pipeline.kaggle_collect_openalex_sri_lanka: Saved Sri Lankan-affiliated work number=63,446 progress=84.2% api_total=75,333
2026-08-05 13:04:07,482 INFO src.pipeline.kaggle_collect_openalex_sri_lanka: Saved Sri Lankan-affiliated work number=63,447 progress=84.2% api_total=75,333
2026-08-05 13:04:07,483 INFO src.pipeline.kaggle_collect_openalex_sri_lanka: Saved Sri Lankan-affiliated work number=63,448 progress=84.2% api_total=75,333
2026-08-05 13:04:07,483 INFO src.pipeline.kaggle_collect_openalex_sri_lanka: Saved Sri Lankan-affiliated work number=63,449 progress=84.2% api_total=75,333
2026-08-05 13:04:07,483 INFO src.pipeline.kaggle_collect_openalex_sri_lanka: Saved Sri Lankan-affiliated work number=63,450 progress=84.2% api_total=75,333
2026-08-05 13:04:07,484 INFO src.pipeline.kaggle_collect_openalex_sri_lanka: Saved Sri Lankan-affiliated work number=63,451 progress=84.2% api_total=75,333
2026-08-05 13:04:07,484 INFO src.pipeline.kaggle_collect_openalex_sri_lanka: Saved Sri Lankan-affiliated work number=63,452 progress=84.2% api_total=75,333
2026-08-05 13:04:07,484 INFO src.pipeline.kaggle_collect_openalex_sri_lanka: Saved Sri Lankan-affiliated work number=63,453 progress=84.2% api_total=75,333
2026-08-05 13:04:07,484 INFO src.pipeline.kaggle_collect_openalex_sri_lanka: Saved Sri Lankan-affiliated work number=63,454 progress=84.2% api_total=75,333
2026-08-05 13:04:07,485 INFO src.pipeline.kaggle_collect_openalex_sri_lanka: Saved Sri Lankan-affiliated work number=63,455 progress=84.2% api_total=75,333
2026-08-05 13:04:07,485 INFO src.pipeline.kaggle_collect_openalex_sri_lanka: Saved Sri Lankan-affiliated work number=63,456 progress=84.2% api_total=75,333
2026-08-05 13:04:07,485 INFO src.pipeline.kaggle_collect_openalex_sri_lanka: Saved Sri Lankan-affiliated work number=63,457 progress=84.2% api_total=75,333
2026-08-05 13:04:07,485 INFO src.pipeline.kaggle_collect_openalex_sri_lanka: Saved Sri Lankan-affiliated work number=63,458 progress=84.2% api_total=75,333
2026-08-05 13:04:07,486 INFO src.pipeline.kaggle_collect_openalex_sri_lanka: Saved Sri Lankan-affiliated work number=63,459 progress=84.2% api_total=75,333
2026-08-05 13:04:07,486 INFO src.pipeline.kaggle_collect_openalex_sri_lanka: Saved Sri Lankan-affiliated work number=63,460 progress=84.2% api_total=75,333
2026-08-05 13:04:07,486 INFO src.pipeline.kaggle_collect_openalex_sri_lanka: Saved Sri Lankan-affiliated work number=63,461 progress=84.2% api_total=75,333
2026-08-05 13:04:07,486 INFO src.pipeline.kaggle_collect_openalex_sri_lanka: Saved Sri Lankan-affiliated work number=63,462 progress=84.2% api_total=75,333
2026-08-05 13:04:07,487 INFO src.pipeline.kaggle_collect_openalex_sri_lanka: Saved Sri Lankan-affiliated work number=63,463 progress=84.2% api_total=75,333
2026-08-05 13:04:07,487 INFO src.pipeline.kaggle_collect_openalex_sri_lanka: Saved Sri Lankan-affiliated work number=63,464 progress=84.2% api_total=75,333
2026-08-05 13:04:07,487 INFO src.pipeline.kaggle_collect_openalex_sri_lanka: Saved Sri Lankan-affiliated work number=63,465 progress=84.2% api_total=75,333
2026-08-05 13:04:07,487 INFO src.pipeline.kaggle_collect_openalex_sri_lanka: Saved Sri Lankan-affiliated work number=63,466 progress=84.2% api_total=75,333
2026-08-05 13:04:07,488 INFO src.pipeline.kaggle_collect_openalex_sri_lanka: Saved Sri Lankan-affiliated work number=63,467 progress=84.2% api_total=75,333
2026-08-05 13:04:07,488 INFO src.pipeline.kaggle_collect_openalex_sri_lanka: Saved Sri Lankan-affiliated work number=63,468 progress=84.2% api_total=75,333
2026-08-05 13:04:07,488 INFO src.pipeline.kaggle_collect_openalex_sri_lanka: Saved Sri Lankan-affiliated work number=63,469 progress=84.3% api_total=75,333
2026-08-05 13:04:07,488 INFO src.pipeline.kaggle_collect_openalex_sri_lanka: Saved Sri Lankan-affiliated work number=63,470 progress=84.3% api_total=75,333
2026-08-05 13:04:07,489 INFO src.pipeline.kaggle_collect_openalex_sri_lanka: Saved Sri Lankan-affiliated work number=63,471 progress=84.3% api_total=75,333
2026-08-05 13:04:07,489 INFO src.pipeline.kaggle_collect_openalex_sri_lanka: Saved Sri Lankan-affiliated work number=63,472 progress=84.3% api_total=75,333
